Archive member included to satisfy reference by file (symbol)

C:/ST/STM32CubeIDE_1.17.0/STM32CubeIDE/plugins/com.st.stm32cube.ide.mcu.externaltools.gnu-tools-for-stm32.12.3.rel1.win32_1.1.0.202410251130/tools/bin/../lib/gcc/arm-none-eabi/12.3.1/../../../../arm-none-eabi/lib/thumb/v7e-m+dp/hard\libc_nano.a(libc_a-exit.o)
                              C:/ST/STM32CubeIDE_1.17.0/STM32CubeIDE/plugins/com.st.stm32cube.ide.mcu.externaltools.gnu-tools-for-stm32.12.3.rel1.win32_1.1.0.202410251130/tools/bin/../lib/gcc/arm-none-eabi/12.3.1/../../../../arm-none-eabi/lib/thumb/v7e-m+dp/hard/crt0.o (exit)
C:/ST/STM32CubeIDE_1.17.0/STM32CubeIDE/plugins/com.st.stm32cube.ide.mcu.externaltools.gnu-tools-for-stm32.12.3.rel1.win32_1.1.0.202410251130/tools/bin/../lib/gcc/arm-none-eabi/12.3.1/../../../../arm-none-eabi/lib/thumb/v7e-m+dp/hard\libc_nano.a(libc_a-findfp.o)
                              C:/ST/STM32CubeIDE_1.17.0/STM32CubeIDE/plugins/com.st.stm32cube.ide.mcu.externaltools.gnu-tools-for-stm32.12.3.rel1.win32_1.1.0.202410251130/tools/bin/../lib/gcc/arm-none-eabi/12.3.1/../../../../arm-none-eabi/lib/thumb/v7e-m+dp/hard\libc_nano.a(libc_a-exit.o) (__stdio_exit_handler)
C:/ST/STM32CubeIDE_1.17.0/STM32CubeIDE/plugins/com.st.stm32cube.ide.mcu.externaltools.gnu-tools-for-stm32.12.3.rel1.win32_1.1.0.202410251130/tools/bin/../lib/gcc/arm-none-eabi/12.3.1/../../../../arm-none-eabi/lib/thumb/v7e-m+dp/hard\libc_nano.a(libc_a-fwalk.o)
                              C:/ST/STM32CubeIDE_1.17.0/STM32CubeIDE/plugins/com.st.stm32cube.ide.mcu.externaltools.gnu-tools-for-stm32.12.3.rel1.win32_1.1.0.202410251130/tools/bin/../lib/gcc/arm-none-eabi/12.3.1/../../../../arm-none-eabi/lib/thumb/v7e-m+dp/hard\libc_nano.a(libc_a-findfp.o) (_fwalk_sglue)
C:/ST/STM32CubeIDE_1.17.0/STM32CubeIDE/plugins/com.st.stm32cube.ide.mcu.externaltools.gnu-tools-for-stm32.12.3.rel1.win32_1.1.0.202410251130/tools/bin/../lib/gcc/arm-none-eabi/12.3.1/../../../../arm-none-eabi/lib/thumb/v7e-m+dp/hard\libc_nano.a(libc_a-puts.o)
                              ./Core/Src/MyRobot.o (puts)
C:/ST/STM32CubeIDE_1.17.0/STM32CubeIDE/plugins/com.st.stm32cube.ide.mcu.externaltools.gnu-tools-for-stm32.12.3.rel1.win32_1.1.0.202410251130/tools/bin/../lib/gcc/arm-none-eabi/12.3.1/../../../../arm-none-eabi/lib/thumb/v7e-m+dp/hard\libc_nano.a(libc_a-stdio.o)
                              C:/ST/STM32CubeIDE_1.17.0/STM32CubeIDE/plugins/com.st.stm32cube.ide.mcu.externaltools.gnu-tools-for-stm32.12.3.rel1.win32_1.1.0.202410251130/tools/bin/../lib/gcc/arm-none-eabi/12.3.1/../../../../arm-none-eabi/lib/thumb/v7e-m+dp/hard\libc_nano.a(libc_a-findfp.o) (__sread)
C:/ST/STM32CubeIDE_1.17.0/STM32CubeIDE/plugins/com.st.stm32cube.ide.mcu.externaltools.gnu-tools-for-stm32.12.3.rel1.win32_1.1.0.202410251130/tools/bin/../lib/gcc/arm-none-eabi/12.3.1/../../../../arm-none-eabi/lib/thumb/v7e-m+dp/hard\libc_nano.a(libc_a-wbuf.o)
                              C:/ST/STM32CubeIDE_1.17.0/STM32CubeIDE/plugins/com.st.stm32cube.ide.mcu.externaltools.gnu-tools-for-stm32.12.3.rel1.win32_1.1.0.202410251130/tools/bin/../lib/gcc/arm-none-eabi/12.3.1/../../../../arm-none-eabi/lib/thumb/v7e-m+dp/hard\libc_nano.a(libc_a-puts.o) (__swbuf_r)
C:/ST/STM32CubeIDE_1.17.0/STM32CubeIDE/plugins/com.st.stm32cube.ide.mcu.externaltools.gnu-tools-for-stm32.12.3.rel1.win32_1.1.0.202410251130/tools/bin/../lib/gcc/arm-none-eabi/12.3.1/../../../../arm-none-eabi/lib/thumb/v7e-m+dp/hard\libc_nano.a(libc_a-wsetup.o)
                              C:/ST/STM32CubeIDE_1.17.0/STM32CubeIDE/plugins/com.st.stm32cube.ide.mcu.externaltools.gnu-tools-for-stm32.12.3.rel1.win32_1.1.0.202410251130/tools/bin/../lib/gcc/arm-none-eabi/12.3.1/../../../../arm-none-eabi/lib/thumb/v7e-m+dp/hard\libc_nano.a(libc_a-puts.o) (__swsetup_r)
C:/ST/STM32CubeIDE_1.17.0/STM32CubeIDE/plugins/com.st.stm32cube.ide.mcu.externaltools.gnu-tools-for-stm32.12.3.rel1.win32_1.1.0.202410251130/tools/bin/../lib/gcc/arm-none-eabi/12.3.1/../../../../arm-none-eabi/lib/thumb/v7e-m+dp/hard\libc_nano.a(libc_a-memset.o)
                              C:/ST/STM32CubeIDE_1.17.0/STM32CubeIDE/plugins/com.st.stm32cube.ide.mcu.externaltools.gnu-tools-for-stm32.12.3.rel1.win32_1.1.0.202410251130/tools/bin/../lib/gcc/arm-none-eabi/12.3.1/../../../../arm-none-eabi/lib/thumb/v7e-m+dp/hard/crt0.o (memset)
C:/ST/STM32CubeIDE_1.17.0/STM32CubeIDE/plugins/com.st.stm32cube.ide.mcu.externaltools.gnu-tools-for-stm32.12.3.rel1.win32_1.1.0.202410251130/tools/bin/../lib/gcc/arm-none-eabi/12.3.1/../../../../arm-none-eabi/lib/thumb/v7e-m+dp/hard\libc_nano.a(libc_a-closer.o)
                              C:/ST/STM32CubeIDE_1.17.0/STM32CubeIDE/plugins/com.st.stm32cube.ide.mcu.externaltools.gnu-tools-for-stm32.12.3.rel1.win32_1.1.0.202410251130/tools/bin/../lib/gcc/arm-none-eabi/12.3.1/../../../../arm-none-eabi/lib/thumb/v7e-m+dp/hard\libc_nano.a(libc_a-stdio.o) (_close_r)
[...]
Memory Configuration

Name             Origin             Length             Attributes
FLASH            0x08000000         0x00200000         xr
DTCMRAM          0x20000000         0x00020000         xrw
RAM_D1           0x24000000         0x00080000         xrw
RAM_D2           0x30000000         0x00048000         xrw
RAM_D3           0x38000000         0x00010000         xrw
ITCMRAM          0x00000000         0x00010000         xrw
*default*        0x00000000         0xffffffff

Linker script and memory map

LOAD C:/ST/STM32CubeIDE_1.17.0/STM32CubeIDE/plugins/com.st.stm32cube.ide.mcu.externaltools.gnu-tools-for-stm32.12.3.rel1.win32_1.1.0.202410251130/tools/bin/../lib/gcc/arm-none-eabi/12.3.1/thumb/v7e-m+dp/hard/crti.o
LOAD C:/ST/STM32CubeIDE_1.17.0/STM32CubeIDE/plugins/com.st.stm32cube.ide.mcu.externaltools.gnu-tools-for-stm32.12.3.rel1.win32_1.1.0.202410251130/tools/bin/../lib/gcc/arm-none-eabi/12.3.1/thumb/v7e-m+dp/hard/crtbegin.o
LOAD C:/ST/STM32CubeIDE_1.17.0/STM32CubeIDE/plugins/com.st.stm32cube.ide.mcu.externaltools.gnu-tools-for-stm32.12.3.rel1.win32_1.1.0.202410251130/tools/bin/../lib/gcc/arm-none-eabi/12.3.1/../../../../arm-none-eabi/lib/thumb/v7e-m+dp/hard/crt0.o
LOAD ./Core/Src/MyMotor.o
LOAD ./Core/Src/MyRobot.o
LOAD ./Core/Src/main.o
LOAD ./Core/Src/stm32h7xx_hal_msp.o
LOAD ./Core/Src/stm32h7xx_it.o
LOAD ./Core/Src/syscalls.o
LOAD ./Core/Src/sysmem.o
LOAD ./Core/Src/system_stm32h7xx.o
LOAD ./Core/Startup/startup_stm32h743vitx.o
LOAD ./Drivers/STM32H7xx_HAL_Driver/Src/stm32h7xx_hal.o
LOAD ./Drivers/STM32H7xx_HAL_Driver/Src/stm32h7xx_hal_cortex.o
LOAD ./Drivers/STM32H7xx_HAL_Driver/Src/stm32h7xx_hal_dma.o
LOAD ./Drivers/STM32H7xx_HAL_Driver/Src/stm32h7xx_hal_dma_ex.o
LOAD ./Drivers/STM32H7xx_HAL_Driver/Src/stm32h7xx_hal_exti.o
LOAD ./Drivers/STM32H7xx_HAL_Driver/Src/stm32h7xx_hal_flash.o
LOAD ./Drivers/STM32H7xx_HAL_Driver/Src/stm32h7xx_hal_flash_ex.o
LOAD ./Drivers/STM32H7xx_HAL_Driver/Src/stm32h7xx_hal_gpio.o
LOAD ./Drivers/STM32H7xx_HAL_Driver/Src/stm32h7xx_hal_hsem.o
LOAD ./Drivers/STM32H7xx_HAL_Driver/Src/stm32h7xx_hal_i2c.o
LOAD ./Drivers/STM32H7xx_HAL_Driver/Src/stm32h7xx_hal_i2c_ex.o
LOAD ./Drivers/STM32H7xx_HAL_Driver/Src/stm32h7xx_hal_mdma.o
LOAD ./Drivers/STM32H7xx_HAL_Driver/Src/stm32h7xx_hal_pwr.o
LOAD ./Drivers/STM32H7xx_HAL_Driver/Src/stm32h7xx_hal_pwr_ex.o
LOAD ./Drivers/STM32H7xx_HAL_Driver/Src/stm32h7xx_hal_rcc.o
LOAD ./Drivers/STM32H7xx_HAL_Driver/Src/stm32h7xx_hal_rcc_ex.o
LOAD ./Drivers/STM32H7xx_HAL_Driver/Src/stm32h7xx_hal_spi.o
LOAD ./Drivers/STM32H7xx_HAL_Driver/Src/stm32h7xx_hal_spi_ex.o
LOAD ./Drivers/STM32H7xx_HAL_Driver/Src/stm32h7xx_hal_tim.o
LOAD ./Drivers/STM32H7xx_HAL_Driver/Src/stm32h7xx_hal_tim_ex.o
LOAD ./Drivers/STM32H7xx_HAL_Driver/Src/stm32h7xx_hal_uart.o
LOAD ./Drivers/STM32H7xx_HAL_Driver/Src/stm32h7xx_hal_uart_ex.o
LOAD ./Middlewares/Third_Party/NimaLTD_Driver/SPIF/spif.o
START GROUP
LOAD C:/ST/STM32CubeIDE_1.17.0/STM32CubeIDE/plugins/com.st.stm32cube.ide.mcu.externaltools.gnu-tools-for-stm32.12.3.rel1.win32_1.1.0.202410251130/tools/bin/../lib/gcc/arm-none-eabi/12.3.1/../../../../arm-none-eabi/lib/thumb/v7e-m+dp/hard\libc_nano.a
LOAD C:/ST/STM32CubeIDE_1.17.0/STM32CubeIDE/plugins/com.st.stm32cube.ide.mcu.externaltools.gnu-tools-for-stm32.12.3.rel1.win32_1.1.0.202410251130/tools/bin/../lib/gcc/arm-none-eabi/12.3.1/../../../../arm-none-eabi/lib/thumb/v7e-m+dp/hard\libm.a
END GROUP
START GROUP
LOAD C:/ST/STM32CubeIDE_1.17.0/STM32CubeIDE/plugins/com.st.stm32cube.ide.mcu.externaltools.gnu-tools-for-stm32.12.3.rel1.win32_1.1.0.202410251130/tools/bin/../lib/gcc/arm-none-eabi/12.3.1/thumb/v7e-m+dp/hard\libgcc.a
LOAD C:/ST/STM32CubeIDE_1.17.0/STM32CubeIDE/plugins/com.st.stm32cube.ide.mcu.externaltools.gnu-tools-for-stm32.12.3.rel1.win32_1.1.0.202410251130/tools/bin/../lib/gcc/arm-none-eabi/12.3.1/../../../../arm-none-eabi/lib/thumb/v7e-m+dp/hard\libc_nano.a
END GROUP
START GROUP
LOAD C:/ST/STM32CubeIDE_1.17.0/STM32CubeIDE/plugins/com.st.stm32cube.ide.mcu.externaltools.gnu-tools-for-stm32.12.3.rel1.win32_1.1.0.202410251130/tools/bin/../lib/gcc/arm-none-eabi/12.3.1/thumb/v7e-m+dp/hard\libgcc.a
LOAD C:/ST/STM32CubeIDE_1.17.0/STM32CubeIDE/plugins/com.st.stm32cube.ide.mcu.externaltools.gnu-tools-for-stm32.12.3.rel1.win32_1.1.0.202410251130/tools/bin/../lib/gcc/arm-none-eabi/12.3.1/../../../../arm-none-eabi/lib/thumb/v7e-m+dp/hard\libc_nano.a
LOAD C:/ST/STM32CubeIDE_1.17.0/STM32CubeIDE/plugins/com.st.stm32cube.ide.mcu.externaltools.gnu-tools-for-stm32.12.3.rel1.win32_1.1.0.202410251130/tools/bin/../lib/gcc/arm-none-eabi/12.3.1/../../../../arm-none-eabi/lib/thumb/v7e-m+dp/hard\libnosys.a
END GROUP
START GROUP
LOAD C:/ST/STM32CubeIDE_1.17.0/STM32CubeIDE/plugins/com.st.stm32cube.ide.mcu.externaltools.gnu-tools-for-stm32.12.3.rel1.win32_1.1.0.202410251130/tools/bin/../lib/gcc/arm-none-eabi/12.3.1/thumb/v7e-m+dp/hard\libgcc.a
LOAD C:/ST/STM32CubeIDE_1.17.0/STM32CubeIDE/plugins/com.st.stm32cube.ide.mcu.externaltools.gnu-tools-for-stm32.12.3.rel1.win32_1.1.0.202410251130/tools/bin/../lib/gcc/arm-none-eabi/12.3.1/../../../../arm-none-eabi/lib/thumb/v7e-m+dp/hard\libc_nano.a
LOAD C:/ST/STM32CubeIDE_1.17.0/STM32CubeIDE/plugins/com.st.stm32cube.ide.mcu.externaltools.gnu-tools-for-stm32.12.3.rel1.win32_1.1.0.202410251130/tools/bin/../lib/gcc/arm-none-eabi/12.3.1/../../../../arm-none-eabi/lib/thumb/v7e-m+dp/hard\libnosys.a
END GROUP
LOAD C:/ST/STM32CubeIDE_1.17.0/STM32CubeIDE/plugins/com.st.stm32cube.ide.mcu.externaltools.gnu-tools-for-stm32.12.3.rel1.win32_1.1.0.202410251130/tools/bin/../lib/gcc/arm-none-eabi/12.3.1/thumb/v7e-m+dp/hard/crtend.o
LOAD C:/ST/STM32CubeIDE_1.17.0/STM32CubeIDE/plugins/com.st.stm32cube.ide.mcu.externaltools.gnu-tools-for-stm32.12.3.rel1.win32_1.1.0.202410251130/tools/bin/../lib/gcc/arm-none-eabi/12.3.1/thumb/v7e-m+dp/hard/crtn.o
                0x24080000                        _estack = (ORIGIN (RAM_D1) + LENGTH (RAM_D1))
                0x00000200                        _Min_Heap_Size = 0x200
                0x00000400                        _Min_Stack_Size = 0x400

.isr_vector     0x08000000      0x298
                0x08000000                        . = ALIGN (0x4)
 *(.isr_vector)
 .isr_vector    0x08000000      0x298 ./Core/Startup/startup_stm32h743vitx.o
                0x08000000                g_pfnVectors
                0x08000298                        . = ALIGN (0x4)

.text           0x08000298     0xe364
                0x08000298                        . = ALIGN (0x4)
 *(.text)
 .text          0x08000298       0x40 C:/ST/STM32CubeIDE_1.17.0/STM32CubeIDE/plugins/com.st.stm32cube.ide.mcu.externaltools.gnu-tools-for-stm32.12.3.rel1.win32_1.1.0.202410251130/tools/bin/../lib/gcc/arm-none-eabi/12.3.1/thumb/v7e-m+dp/hard/crtbegin.o
 .text          0x080002d8      0x378 C:/ST/STM32CubeIDE_1.17.0/STM32CubeIDE/plugins/com.st.stm32cube.ide.mcu.externaltools.gnu-tools-for-stm32.12.3.rel1.win32_1.1.0.202410251130/tools/bin/../lib/gcc/arm-none-eabi/12.3.1/thumb/v7e-m+dp/hard\libgcc.a(_arm_addsubdf3.o)
                0x080002d8                __aeabi_drsub
                0x080002e0                __aeabi_dsub
                0x080002e0                __subdf3
                0x080002e4                __aeabi_dadd
                0x080002e4                __adddf3
                0x0800055c                __floatunsidf
                0x0800055c                __aeabi_ui2d
                0x0800057c                __floatsidf
                0x0800057c                __aeabi_i2d
                0x080005a0                __aeabi_f2d
                0x080005a0                __extendsfdf2
                0x080005e4                __floatundidf
                0x080005e4                __aeabi_ul2d
                0x080005f4                __floatdidf
                0x080005f4                __aeabi_l2d
 .text          0x08000650       0x30 C:/ST/STM32CubeIDE_1.17.0/STM32CubeIDE/plugins/com.st.stm32cube.ide.mcu.externaltools.gnu-tools-for-stm32.12.3.rel1.win32_1.1.0.202410251130/tools/bin/../lib/gcc/arm-none-eabi/12.3.1/thumb/v7e-m+dp/hard\libgcc.a(_aeabi_uldivmod.o)
                0x08000650                __aeabi_uldivmod
 .text          0x08000680      0x2bc C:/ST/STM32CubeIDE_1.17.0/STM32CubeIDE/plugins/com.st.stm32cube.ide.mcu.externaltools.gnu-tools-for-stm32.12.3.rel1.win32_1.1.0.202410251130/tools/bin/../lib/gcc/arm-none-eabi/12.3.1/thumb/v7e-m+dp/hard\libgcc.a(_udivmoddi4.o)
                0x08000680                __udivmoddi4
 .text          0x0800093c        0x4 C:/ST/STM32CubeIDE_1.17.0/STM32CubeIDE/plugins/com.st.stm32cube.ide.mcu.externaltools.gnu-tools-for-stm32.12.3.rel1.win32_1.1.0.202410251130/tools/bin/../lib/gcc/arm-none-eabi/12.3.1/thumb/v7e-m+dp/hard\libgcc.a(_dvmd_tls.o)
                0x0800093c                __aeabi_idiv0
                0x0800093c                __aeabi_ldiv0
 *(.text*)
 .text.Robot_Init
                0x08000940       0x96 ./Core/Src/MyRobot.o
                0x08000940                Robot_Init
 *fill*         0x080009d6        0x2 
 .text.Robot_ForwardKinematics
                0x080009d8      0x284 ./Core/Src/MyRobot.o
                0x080009d8                Robot_ForwardKinematics
 *fill*         0x08000c5c        0x4 
 .text.Robot_InverseKinematics
                0x08000c60      0x28c ./Core/Src/MyRobot.o
                0x08000c60                Robot_InverseKinematics
 .text.Robot_Reset
                0x08000eec       0x78 ./Core/Src/MyRobot.o
                0x08000eec                Robot_Reset
 .text.Robot_Run
                0x08000f64      0x166 ./Core/Src/MyRobot.o
                0x08000f64                Robot_Run
 *fill*         0x080010ca        0x6 
 .text.Robot_SetPulse
                0x080010d0       0xe0 ./Core/Src/MyRobot.o
                0x080010d0                Robot_SetPulse
 .text.Robot_RunPath
                0x080011b0      0x110 ./Core/Src/MyRobot.o
                0x080011b0                Robot_RunPath
 .text.HAL_TIM_PeriodElapsedCallback
                0x080012c0      0x160 ./Core/Src/main.o
                0x080012c0                HAL_TIM_PeriodElapsedCallback
 .text.HAL_UART_RxCpltCallback
                0x08001420      0x190 ./Core/Src/main.o
                0x08001420                HAL_UART_RxCpltCallback
 .text.HAL_GPIO_EXTI_Callback
                0x080015b0       0x78 ./Core/Src/main.o
                0x080015b0                HAL_GPIO_EXTI_Callback
 .text.main     0x08001628      0x150 ./Core/Src/main.o
                0x08001628                main
 .text.SystemClock_Config
                0x08001778       0xf4 ./Core/Src/main.o
                0x08001778                SystemClock_Config
 .text.PeriphCommonClock_Config
                0x0800186c       0x62 ./Core/Src/main.o
                0x0800186c                PeriphCommonClock_Config
 *fill*         0x080018ce        0x2 
 .text.MX_SPI1_Init
                0x080018d0       0xac ./Core/Src/main.o
 .text.MX_TIM2_Init
                0x0800197c      0x104 ./Core/Src/main.o
 .text.MX_TIM3_Init
                0x08001a80       0x9c ./Core/Src/main.o
 .text.MX_TIM17_Init
                0x08001b1c       0x50 ./Core/Src/main.o
 .text.MX_USART1_UART_Init
                0x08001b6c       0x98 ./Core/Src/main.o
 .text.MX_USART3_UART_Init
                0x08001c04       0x9c ./Core/Src/main.o
 .text.MX_USART6_UART_Init
                0x08001ca0       0x98 ./Core/Src/main.o
 .text.MX_BDMA_Init
                0x08001d38       0x84 ./Core/Src/main.o
 .text.MX_DMA_Init
                0x08001dbc       0xb0 ./Core/Src/main.o
 .text.MX_GPIO_Init
                0x08001e6c      0x114 ./Core/Src/main.o
 .text.SaveAngle
                0x08001f80      0x11c ./Core/Src/main.o
                0x08001f80                SaveAngle
 .text.ClearAngle
                0x0800209c       0xbc ./Core/Src/main.o
                0x0800209c                ClearAngle
 .text.ClearPath
                0x08002158       0x64 ./Core/Src/main.o
                0x08002158                ClearPath
 .text.RunMotor
                0x080021bc       0x24 ./Core/Src/main.o
                0x080021bc                RunMotor
 .text.StopMotor
                0x080021e0       0x28 ./Core/Src/main.o
                0x080021e0                StopMotor
 .text.MPU_Config
                0x08002208       0x58 ./Core/Src/main.o
 .text.Error_Handler
                0x08002260        0xc ./Core/Src/main.o
                0x08002260                Error_Handler
 .text.HAL_MspInit
                0x0800226c       0x34 ./Core/Src/stm32h7xx_hal_msp.o
                0x0800226c                HAL_MspInit
 .text.HAL_SPI_MspInit
                0x080022a0      0x214 ./Core/Src/stm32h7xx_hal_msp.o
                0x080022a0                HAL_SPI_MspInit
 .text.HAL_TIM_Base_MspInit
                0x080024b4       0xa8 ./Core/Src/stm32h7xx_hal_msp.o
                0x080024b4                HAL_TIM_Base_MspInit
 .text.HAL_TIM_MspPostInit
                0x0800255c       0x70 ./Core/Src/stm32h7xx_hal_msp.o
                0x0800255c                HAL_TIM_MspPostInit
 .text.HAL_UART_MspInit
                0x080025cc      0x3e4 ./Core/Src/stm32h7xx_hal_msp.o
                0x080025cc                HAL_UART_MspInit
 .text.NMI_Handler
                0x080029b0        0x8 ./Core/Src/stm32h7xx_it.o
                0x080029b0                NMI_Handler
 .text.HardFault_Handler
                0x080029b8        0x8 ./Core/Src/stm32h7xx_it.o
                0x080029b8                HardFault_Handler
 .text.MemManage_Handler
                0x080029c0        0x8 ./Core/Src/stm32h7xx_it.o
                0x080029c0                MemManage_Handler
 .text.BusFault_Handler
                0x080029c8        0x8 ./Core/Src/stm32h7xx_it.o
                0x080029c8                BusFault_Handler
 .text.UsageFault_Handler
                0x080029d0        0x8 ./Core/Src/stm32h7xx_it.o
                0x080029d0                UsageFault_Handler
 .text.SVC_Handler
                0x080029d8        0xe ./Core/Src/stm32h7xx_it.o
                0x080029d8                SVC_Handler
 .text.DebugMon_Handler
                0x080029e6        0xe ./Core/Src/stm32h7xx_it.o
                0x080029e6                DebugMon_Handler
 .text.PendSV_Handler
                0x080029f4        0xe ./Core/Src/stm32h7xx_it.o
                0x080029f4                PendSV_Handler
 .text.SysTick_Handler
                0x08002a02        0xc ./Core/Src/stm32h7xx_it.o
                0x08002a02                SysTick_Handler
 *fill*         0x08002a0e        0x2 
 .text.DMA1_Stream0_IRQHandler
                0x08002a10       0x14 ./Core/Src/stm32h7xx_it.o
                0x08002a10                DMA1_Stream0_IRQHandler
 .text.DMA1_Stream1_IRQHandler
                0x08002a24       0x14 ./Core/Src/stm32h7xx_it.o
                0x08002a24                DMA1_Stream1_IRQHandler
 .text.DMA1_Stream2_IRQHandler
                0x08002a38       0x14 ./Core/Src/stm32h7xx_it.o
                0x08002a38                DMA1_Stream2_IRQHandler
 .text.DMA1_Stream3_IRQHandler
                0x08002a4c       0x14 ./Core/Src/stm32h7xx_it.o
                0x08002a4c                DMA1_Stream3_IRQHandler
 .text.DMA1_Stream4_IRQHandler
                0x08002a60       0x14 ./Core/Src/stm32h7xx_it.o
                0x08002a60                DMA1_Stream4_IRQHandler
 .text.DMA1_Stream5_IRQHandler
                0x08002a74       0x14 ./Core/Src/stm32h7xx_it.o
                0x08002a74                DMA1_Stream5_IRQHandler
 .text.DMA1_Stream6_IRQHandler
                0x08002a88       0x14 ./Core/Src/stm32h7xx_it.o
                0x08002a88                DMA1_Stream6_IRQHandler
 .text.TIM2_IRQHandler
                0x08002a9c       0x14 ./Core/Src/stm32h7xx_it.o
                0x08002a9c                TIM2_IRQHandler
 .text.SPI1_IRQHandler
                0x08002ab0       0x14 ./Core/Src/stm32h7xx_it.o
                0x08002ab0                SPI1_IRQHandler
 .text.USART1_IRQHandler
                0x08002ac4       0x14 ./Core/Src/stm32h7xx_it.o
                0x08002ac4                USART1_IRQHandler
 .text.EXTI15_10_IRQHandler
                0x08002ad8       0x18 ./Core/Src/stm32h7xx_it.o
                0x08002ad8                EXTI15_10_IRQHandler
 .text.DMA1_Stream7_IRQHandler
                0x08002af0       0x14 ./Core/Src/stm32h7xx_it.o
                0x08002af0                DMA1_Stream7_IRQHandler
 .text.SystemInit
                0x08002b04      0x110 ./Core/Src/system_stm32h7xx.o
                0x08002b04                SystemInit
 .text.ExitRun0Mode
                0x08002c14       0x30 ./Core/Src/system_stm32h7xx.o
                0x08002c14                ExitRun0Mode
 .text.Reset_Handler
                0x08002c44       0x54 ./Core/Startup/startup_stm32h743vitx.o
                0x08002c44                Reset_Handler
 .text.Default_Handler
                0x08002c98        0x2 ./Core/Startup/startup_stm32h743vitx.o
                0x08002c98                RTC_Alarm_IRQHandler
                0x08002c98                EXTI2_IRQHandler
                0x08002c98                TIM8_CC_IRQHandler
                0x08002c98                HRTIM1_Master_IRQHandler
                0x08002c98                UART8_IRQHandler
                0x08002c98                SPI4_IRQHandler
                0x08002c98                TIM1_CC_IRQHandler
                0x08002c98                BDMA_Channel6_IRQHandler
                0x08002c98                DMA2_Stream5_IRQHandler
                0x08002c98                HRTIM1_FLT_IRQHandler
                0x08002c98                JPEG_IRQHandler
                0x08002c98                BDMA_Channel1_IRQHandler
                0x08002c98                HRTIM1_TIMD_IRQHandler
                0x08002c98                TAMP_STAMP_IRQHandler
                0x08002c98                EXTI3_IRQHandler
                0x08002c98                LPTIM4_IRQHandler
                0x08002c98                TIM8_TRG_COM_TIM14_IRQHandler
                0x08002c98                LPTIM2_IRQHandler
                0x08002c98                DFSDM1_FLT1_IRQHandler
                0x08002c98                DMAMUX2_OVR_IRQHandler
                0x08002c98                TIM8_UP_TIM13_IRQHandler
                0x08002c98                I2C3_ER_IRQHandler
                0x08002c98                DFSDM1_FLT2_IRQHandler
                0x08002c98                MDMA_IRQHandler
                0x08002c98                LPTIM3_IRQHandler
                0x08002c98                HSEM1_IRQHandler
                0x08002c98                EXTI0_IRQHandler
                0x08002c98                I2C2_EV_IRQHandler
                0x08002c98                FPU_IRQHandler
                0x08002c98                OTG_HS_WKUP_IRQHandler
                0x08002c98                FDCAN1_IT1_IRQHandler
                0x08002c98                LTDC_ER_IRQHandler
                0x08002c98                DMA2_Stream2_IRQHandler
                0x08002c98                HRTIM1_TIME_IRQHandler
                0x08002c98                TIM6_DAC_IRQHandler
                0x08002c98                DCMI_IRQHandler
                0x08002c98                HRTIM1_TIMC_IRQHandler
                0x08002c98                DMA2_Stream3_IRQHandler
                0x08002c98                SAI2_IRQHandler
                0x08002c98                DFSDM1_FLT3_IRQHandler
                0x08002c98                USART6_IRQHandler
                0x08002c98                TIM17_IRQHandler
                0x08002c98                USART3_IRQHandler
                0x08002c98                BDMA_Channel7_IRQHandler
                0x08002c98                LPTIM5_IRQHandler
                0x08002c98                UART5_IRQHandler
                0x08002c98                ADC3_IRQHandler
                0x08002c98                DMA2_Stream0_IRQHandler
                0x08002c98                TIM4_IRQHandler
                0x08002c98                BDMA_Channel2_IRQHandler
                0x08002c98                QUADSPI_IRQHandler
                0x08002c98                I2C1_EV_IRQHandler
                0x08002c98                DMAMUX1_OVR_IRQHandler
                0x08002c98                TIM16_IRQHandler
                0x08002c98                UART4_IRQHandler
                0x08002c98                BDMA_Channel5_IRQHandler
                0x08002c98                TIM3_IRQHandler
                0x08002c98                RCC_IRQHandler
                0x08002c98                TIM8_BRK_TIM12_IRQHandler
                0x08002c98                TIM1_TRG_COM_IRQHandler
                0x08002c98                Default_Handler
                0x08002c98                ECC_IRQHandler
                0x08002c98                CEC_IRQHandler
                0x08002c98                BDMA_Channel0_IRQHandler
                0x08002c98                ADC_IRQHandler
                0x08002c98                HRTIM1_TIMA_IRQHandler
                0x08002c98                SPI5_IRQHandler
                0x08002c98                TIM7_IRQHandler
                0x08002c98                SDMMC1_IRQHandler
                0x08002c98                TIM5_IRQHandler
                0x08002c98                DMA2_Stream7_IRQHandler
                0x08002c98                TIM15_IRQHandler
                0x08002c98                PVD_AVD_IRQHandler
                0x08002c98                I2C3_EV_IRQHandler
                0x08002c98                EXTI9_5_IRQHandler
                0x08002c98                RTC_WKUP_IRQHandler
                0x08002c98                LTDC_IRQHandler
                0x08002c98                SAI3_IRQHandler
                0x08002c98                ETH_WKUP_IRQHandler
                0x08002c98                SPDIF_RX_IRQHandler
                0x08002c98                SPI2_IRQHandler
                0x08002c98                OTG_HS_EP1_IN_IRQHandler
                0x08002c98                CRS_IRQHandler
                0x08002c98                EXTI4_IRQHandler
                0x08002c98                RNG_IRQHandler
                0x08002c98                HRTIM1_TIMB_IRQHandler
                0x08002c98                FDCAN2_IT1_IRQHandler
                0x08002c98                ETH_IRQHandler
                0x08002c98                TIM1_UP_IRQHandler
                0x08002c98                BDMA_Channel4_IRQHandler
                0x08002c98                OTG_HS_EP1_OUT_IRQHandler
                0x08002c98                WWDG_IRQHandler
                0x08002c98                SPI6_IRQHandler
                0x08002c98                MDIOS_IRQHandler
                0x08002c98                I2C4_EV_IRQHandler
                0x08002c98                FDCAN2_IT0_IRQHandler
                0x08002c98                LPUART1_IRQHandler
                0x08002c98                FDCAN1_IT0_IRQHandler
                0x08002c98                OTG_FS_WKUP_IRQHandler
                0x08002c98                OTG_HS_IRQHandler
                0x08002c98                DMA2D_IRQHandler
                0x08002c98                TIM1_BRK_IRQHandler
                0x08002c98                EXTI1_IRQHandler
                0x08002c98                SDMMC2_IRQHandler
                0x08002c98                OTG_FS_EP1_OUT_IRQHandler
                0x08002c98                BDMA_Channel3_IRQHandler
                0x08002c98                UART7_IRQHandler
                0x08002c98                MDIOS_WKUP_IRQHandler
                0x08002c98                USART2_IRQHandler
                0x08002c98                DFSDM1_FLT0_IRQHandler
                0x08002c98                SAI4_IRQHandler
                0x08002c98                I2C2_ER_IRQHandler
                0x08002c98                DMA2_Stream1_IRQHandler
                0x08002c98                FLASH_IRQHandler
                0x08002c98                DMA2_Stream4_IRQHandler
                0x08002c98                OTG_FS_IRQHandler
                0x08002c98                SPI3_IRQHandler
                0x08002c98                WAKEUP_PIN_IRQHandler
                0x08002c98                OTG_FS_EP1_IN_IRQHandler
                0x08002c98                I2C1_ER_IRQHandler
                0x08002c98                FMC_IRQHandler
                0x08002c98                FDCAN_CAL_IRQHandler
                0x08002c98                SWPMI1_IRQHandler
                0x08002c98                COMP1_IRQHandler
                0x08002c98                LPTIM1_IRQHandler
                0x08002c98                I2C4_ER_IRQHandler
                0x08002c98                DMA2_Stream6_IRQHandler
                0x08002c98                SAI1_IRQHandler
 *fill*         0x08002c9a        0x2 
 .text.HAL_Init
                0x08002c9c       0x78 ./Drivers/STM32H7xx_HAL_Driver/Src/stm32h7xx_hal.o
                0x08002c9c                HAL_Init
 .text.HAL_InitTick
                0x08002d14       0x6c ./Drivers/STM32H7xx_HAL_Driver/Src/stm32h7xx_hal.o
                0x08002d14                HAL_InitTick
 .text.HAL_IncTick
                0x08002d80       0x28 ./Drivers/STM32H7xx_HAL_Driver/Src/stm32h7xx_hal.o
                0x08002d80                HAL_IncTick
 .text.HAL_GetTick
                0x08002da8       0x18 ./Drivers/STM32H7xx_HAL_Driver/Src/stm32h7xx_hal.o
                0x08002da8                HAL_GetTick
 .text.HAL_Delay
                0x08002dc0       0x48 ./Drivers/STM32H7xx_HAL_Driver/Src/stm32h7xx_hal.o
                0x08002dc0                HAL_Delay
 .text.HAL_GetREVID
                0x08002e08       0x18 ./Drivers/STM32H7xx_HAL_Driver/Src/stm32h7xx_hal.o
                0x08002e08                HAL_GetREVID
 .text.__NVIC_SetPriorityGrouping
                0x08002e20       0x48 ./Drivers/STM32H7xx_HAL_Driver/Src/stm32h7xx_hal_cortex.o
 .text.__NVIC_GetPriorityGrouping
                0x08002e68       0x1c ./Drivers/STM32H7xx_HAL_Driver/Src/stm32h7xx_hal_cortex.o
 .text.__NVIC_EnableIRQ
                0x08002e84       0x3c ./Drivers/STM32H7xx_HAL_Driver/Src/stm32h7xx_hal_cortex.o
 .text.__NVIC_SetPriority
                0x08002ec0       0x54 ./Drivers/STM32H7xx_HAL_Driver/Src/stm32h7xx_hal_cortex.o
 .text.NVIC_EncodePriority
                0x08002f14       0x66 ./Drivers/STM32H7xx_HAL_Driver/Src/stm32h7xx_hal_cortex.o
 *fill*         0x08002f7a        0x2 
 .text.SysTick_Config
                0x08002f7c       0x44 ./Drivers/STM32H7xx_HAL_Driver/Src/stm32h7xx_hal_cortex.o
 .text.HAL_NVIC_SetPriorityGrouping
                0x08002fc0       0x16 ./Drivers/STM32H7xx_HAL_Driver/Src/stm32h7xx_hal_cortex.o
                0x08002fc0                HAL_NVIC_SetPriorityGrouping
 .text.HAL_NVIC_SetPriority
                0x08002fd6       0x34 ./Drivers/STM32H7xx_HAL_Driver/Src/stm32h7xx_hal_cortex.o
                0x08002fd6                HAL_NVIC_SetPriority
 .text.HAL_NVIC_EnableIRQ
                0x0800300a       0x1c ./Drivers/STM32H7xx_HAL_Driver/Src/stm32h7xx_hal_cortex.o
                0x0800300a                HAL_NVIC_EnableIRQ
 .text.HAL_SYSTICK_Config
                0x08003026       0x18 ./Drivers/STM32H7xx_HAL_Driver/Src/stm32h7xx_hal_cortex.o
                0x08003026                HAL_SYSTICK_Config
 *fill*         0x0800303e        0x2 
 .text.HAL_MPU_Disable
                0x08003040       0x30 ./Drivers/STM32H7xx_HAL_Driver/Src/stm32h7xx_hal_cortex.o
                0x08003040                HAL_MPU_Disable
 .text.HAL_MPU_Enable
                0x08003070       0x40 ./Drivers/STM32H7xx_HAL_Driver/Src/stm32h7xx_hal_cortex.o
                0x08003070                HAL_MPU_Enable
 .text.HAL_MPU_ConfigRegion
                0x080030b0       0x80 ./Drivers/STM32H7xx_HAL_Driver/Src/stm32h7xx_hal_cortex.o
                0x080030b0                HAL_MPU_ConfigRegion
 .text.HAL_DMA_Init
                0x08003130      0x6b8 ./Drivers/STM32H7xx_HAL_Driver/Src/stm32h7xx_hal_dma.o
                0x08003130                HAL_DMA_Init
 .text.HAL_DMA_Start_IT
                0x080037e8      0x4d4 ./Drivers/STM32H7xx_HAL_Driver/Src/stm32h7xx_hal_dma.o
                0x080037e8                HAL_DMA_Start_IT
 .text.HAL_DMA_Abort
                0x08003cbc      0x63c ./Drivers/STM32H7xx_HAL_Driver/Src/stm32h7xx_hal_dma.o
                0x08003cbc                HAL_DMA_Abort
 .text.HAL_DMA_Abort_IT
                0x080042f8      0x48c ./Drivers/STM32H7xx_HAL_Driver/Src/stm32h7xx_hal_dma.o
                0x080042f8                HAL_DMA_Abort_IT
 .text.HAL_DMA_IRQHandler
                0x08004784      0xe54 ./Drivers/STM32H7xx_HAL_Driver/Src/stm32h7xx_hal_dma.o
                0x08004784                HAL_DMA_IRQHandler
 .text.HAL_DMA_GetError
                0x080055d8       0x18 ./Drivers/STM32H7xx_HAL_Driver/Src/stm32h7xx_hal_dma.o
                0x080055d8                HAL_DMA_GetError
 .text.DMA_SetConfig
                0x080055f0      0x358 ./Drivers/STM32H7xx_HAL_Driver/Src/stm32h7xx_hal_dma.o
 .text.DMA_CalcBaseAndBitshift
                0x08005948      0x164 ./Drivers/STM32H7xx_HAL_Driver/Src/stm32h7xx_hal_dma.o
 .text.DMA_CheckFifoParam
                0x08005aac       0xf8 ./Drivers/STM32H7xx_HAL_Driver/Src/stm32h7xx_hal_dma.o
 .text.DMA_CalcDMAMUXChannelBaseAndMask
                0x08005ba4      0x134 ./Drivers/STM32H7xx_HAL_Driver/Src/stm32h7xx_hal_dma.o
 .text.DMA_CalcDMAMUXRequestGenBaseAndMask
                0x08005cd8       0xe8 ./Drivers/STM32H7xx_HAL_Driver/Src/stm32h7xx_hal_dma.o
 .text.HAL_GPIO_Init
                0x08005dc0      0x360 ./Drivers/STM32H7xx_HAL_Driver/Src/stm32h7xx_hal_gpio.o
                0x08005dc0                HAL_GPIO_Init
 .text.HAL_GPIO_ReadPin
                0x08006120       0x30 ./Drivers/STM32H7xx_HAL_Driver/Src/stm32h7xx_hal_gpio.o
                0x08006120                HAL_GPIO_ReadPin
 .text.HAL_GPIO_WritePin
                0x08006150       0x32 ./Drivers/STM32H7xx_HAL_Driver/Src/stm32h7xx_hal_gpio.o
                0x08006150                HAL_GPIO_WritePin
 .text.HAL_GPIO_EXTI_IRQHandler
                0x08006182       0x34 ./Drivers/STM32H7xx_HAL_Driver/Src/stm32h7xx_hal_gpio.o
                0x08006182                HAL_GPIO_EXTI_IRQHandler
 *fill*         0x080061b6        0x2 
 .text.HAL_PWREx_ConfigSupply
                0x080061b8       0x74 ./Drivers/STM32H7xx_HAL_Driver/Src/stm32h7xx_hal_pwr_ex.o
                0x080061b8                HAL_PWREx_ConfigSupply
 .text.HAL_RCC_OscConfig
                0x0800622c      0x8b4 ./Drivers/STM32H7xx_HAL_Driver/Src/stm32h7xx_hal_rcc.o
                0x0800622c                HAL_RCC_OscConfig
 .text.HAL_RCC_ClockConfig
                0x08006ae0      0x36c ./Drivers/STM32H7xx_HAL_Driver/Src/stm32h7xx_hal_rcc.o
                0x08006ae0                HAL_RCC_ClockConfig
 .text.HAL_RCC_GetSysClockFreq
                0x08006e4c      0x2f4 ./Drivers/STM32H7xx_HAL_Driver/Src/stm32h7xx_hal_rcc.o
                0x08006e4c                HAL_RCC_GetSysClockFreq
 .text.HAL_RCC_GetHCLKFreq
                0x08007140       0x60 ./Drivers/STM32H7xx_HAL_Driver/Src/stm32h7xx_hal_rcc.o
                0x08007140                HAL_RCC_GetHCLKFreq
 .text.HAL_RCC_GetPCLK1Freq
                0x080071a0       0x2c ./Drivers/STM32H7xx_HAL_Driver/Src/stm32h7xx_hal_rcc.o
                0x080071a0                HAL_RCC_GetPCLK1Freq
 .text.HAL_RCC_GetPCLK2Freq
                0x080071cc       0x2c ./Drivers/STM32H7xx_HAL_Driver/Src/stm32h7xx_hal_rcc.o
                0x080071cc                HAL_RCC_GetPCLK2Freq
 .text.HAL_RCCEx_PeriphCLKConfig
                0x080071f8     0x1414 ./Drivers/STM32H7xx_HAL_Driver/Src/stm32h7xx_hal_rcc_ex.o
                0x080071f8                HAL_RCCEx_PeriphCLKConfig
 .text.HAL_RCCEx_GetD3PCLK1Freq
                0x0800860c       0x2c ./Drivers/STM32H7xx_HAL_Driver/Src/stm32h7xx_hal_rcc_ex.o
                0x0800860c                HAL_RCCEx_GetD3PCLK1Freq
 .text.HAL_RCCEx_GetPLL2ClockFreq
                0x08008638      0x2a8 ./Drivers/STM32H7xx_HAL_Driver/Src/stm32h7xx_hal_rcc_ex.o
                0x08008638                HAL_RCCEx_GetPLL2ClockFreq
 .text.HAL_RCCEx_GetPLL3ClockFreq
                0x080088e0      0x2a8 ./Drivers/STM32H7xx_HAL_Driver/Src/stm32h7xx_hal_rcc_ex.o
                0x080088e0                HAL_RCCEx_GetPLL3ClockFreq
 .text.RCCEx_PLL2_Config
                0x08008b88      0x164 ./Drivers/STM32H7xx_HAL_Driver/Src/stm32h7xx_hal_rcc_ex.o
 .text.RCCEx_PLL3_Config
                0x08008cec      0x164 ./Drivers/STM32H7xx_HAL_Driver/Src/stm32h7xx_hal_rcc_ex.o
 .text.HAL_SPI_Init
                0x08008e50      0x248 ./Drivers/STM32H7xx_HAL_Driver/Src/stm32h7xx_hal_spi.o
                0x08008e50                HAL_SPI_Init
 .text.HAL_SPI_Transmit_DMA
                0x08009098      0x284 ./Drivers/STM32H7xx_HAL_Driver/Src/stm32h7xx_hal_spi.o
                0x08009098                HAL_SPI_Transmit_DMA
 .text.HAL_SPI_TransmitReceive_DMA
                0x0800931c      0x370 ./Drivers/STM32H7xx_HAL_Driver/Src/stm32h7xx_hal_spi.o
                0x0800931c                HAL_SPI_TransmitReceive_DMA
 .text.HAL_SPI_DMAStop
                0x0800968c       0x26 ./Drivers/STM32H7xx_HAL_Driver/Src/stm32h7xx_hal_spi.o
                0x0800968c                HAL_SPI_DMAStop
 *fill*         0x080096b2        0x2 
 .text.HAL_SPI_IRQHandler
                0x080096b4      0x39c ./Drivers/STM32H7xx_HAL_Driver/Src/stm32h7xx_hal_spi.o
                0x080096b4                HAL_SPI_IRQHandler
 .text.HAL_SPI_TxCpltCallback
                0x08009a50       0x14 ./Drivers/STM32H7xx_HAL_Driver/Src/stm32h7xx_hal_spi.o
                0x08009a50                HAL_SPI_TxCpltCallback
 .text.HAL_SPI_RxCpltCallback
                0x08009a64       0x14 ./Drivers/STM32H7xx_HAL_Driver/Src/stm32h7xx_hal_spi.o
                0x08009a64                HAL_SPI_RxCpltCallback
 .text.HAL_SPI_TxRxCpltCallback
                0x08009a78       0x14 ./Drivers/STM32H7xx_HAL_Driver/Src/stm32h7xx_hal_spi.o
                0x08009a78                HAL_SPI_TxRxCpltCallback
 .text.HAL_SPI_TxHalfCpltCallback
                0x08009a8c       0x14 ./Drivers/STM32H7xx_HAL_Driver/Src/stm32h7xx_hal_spi.o
                0x08009a8c                HAL_SPI_TxHalfCpltCallback
 .text.HAL_SPI_TxRxHalfCpltCallback
                0x08009aa0       0x14 ./Drivers/STM32H7xx_HAL_Driver/Src/stm32h7xx_hal_spi.o
                0x08009aa0                HAL_SPI_TxRxHalfCpltCallback
 .text.HAL_SPI_ErrorCallback
                0x08009ab4       0x14 ./Drivers/STM32H7xx_HAL_Driver/Src/stm32h7xx_hal_spi.o
                0x08009ab4                HAL_SPI_ErrorCallback
 .text.HAL_SPI_SuspendCallback
                0x08009ac8       0x14 ./Drivers/STM32H7xx_HAL_Driver/Src/stm32h7xx_hal_spi.o
                0x08009ac8                HAL_SPI_SuspendCallback
 .text.HAL_SPI_GetState
                0x08009adc       0x1c ./Drivers/STM32H7xx_HAL_Driver/Src/stm32h7xx_hal_spi.o
                0x08009adc                HAL_SPI_GetState
 .text.SPI_DMATransmitCplt
                0x08009af8       0x46 ./Drivers/STM32H7xx_HAL_Driver/Src/stm32h7xx_hal_spi.o
 .text.SPI_DMATransmitReceiveCplt
                0x08009b3e       0x46 ./Drivers/STM32H7xx_HAL_Driver/Src/stm32h7xx_hal_spi.o
 .text.SPI_DMAHalfTransmitCplt
                0x08009b84       0x1c ./Drivers/STM32H7xx_HAL_Driver/Src/stm32h7xx_hal_spi.o
 .text.SPI_DMAHalfTransmitReceiveCplt
                0x08009ba0       0x1c ./Drivers/STM32H7xx_HAL_Driver/Src/stm32h7xx_hal_spi.o
 .text.SPI_DMAError
                0x08009bbc       0x46 ./Drivers/STM32H7xx_HAL_Driver/Src/stm32h7xx_hal_spi.o
 .text.SPI_DMAAbortOnError
                0x08009c02       0x34 ./Drivers/STM32H7xx_HAL_Driver/Src/stm32h7xx_hal_spi.o
 *fill*         0x08009c36        0x2 
 .text.SPI_CloseTransfer
                0x08009c38      0x140 ./Drivers/STM32H7xx_HAL_Driver/Src/stm32h7xx_hal_spi.o
 .text.SPI_GetPacketSize
                0x08009d78       0x36 ./Drivers/STM32H7xx_HAL_Driver/Src/stm32h7xx_hal_spi.o
 .text.HAL_TIM_Base_Init
                0x08009dae       0xae ./Drivers/STM32H7xx_HAL_Driver/Src/stm32h7xx_hal_tim.o
                0x08009dae                HAL_TIM_Base_Init
 .text.HAL_TIM_Base_Start_IT
                0x08009e5c       0xf0 ./Drivers/STM32H7xx_HAL_Driver/Src/stm32h7xx_hal_tim.o
                0x08009e5c                HAL_TIM_Base_Start_IT
 .text.HAL_TIM_PWM_Init
                0x08009f4c       0xae ./Drivers/STM32H7xx_HAL_Driver/Src/stm32h7xx_hal_tim.o
                0x08009f4c                HAL_TIM_PWM_Init
 .text.HAL_TIM_PWM_MspInit
                0x08009ffa       0x14 ./Drivers/STM32H7xx_HAL_Driver/Src/stm32h7xx_hal_tim.o
                0x08009ffa                HAL_TIM_PWM_MspInit
 *fill*         0x0800a00e        0x2 
 .text.HAL_TIM_PWM_Start
                0x0800a010      0x21c ./Drivers/STM32H7xx_HAL_Driver/Src/stm32h7xx_hal_tim.o
                0x0800a010                HAL_TIM_PWM_Start
 .text.HAL_TIM_IRQHandler
                0x0800a22c      0x20e ./Drivers/STM32H7xx_HAL_Driver/Src/stm32h7xx_hal_tim.o
                0x0800a22c                HAL_TIM_IRQHandler
 *fill*         0x0800a43a        0x2 
 .text.HAL_TIM_PWM_ConfigChannel
                0x0800a43c      0x228 ./Drivers/STM32H7xx_HAL_Driver/Src/stm32h7xx_hal_tim.o
                0x0800a43c                HAL_TIM_PWM_ConfigChannel
 .text.HAL_TIM_ConfigClockSource
                0x0800a664      0x1f0 ./Drivers/STM32H7xx_HAL_Driver/Src/stm32h7xx_hal_tim.o
                0x0800a664                HAL_TIM_ConfigClockSource
 .text.HAL_TIM_OC_DelayElapsedCallback
                0x0800a854       0x14 ./Drivers/STM32H7xx_HAL_Driver/Src/stm32h7xx_hal_tim.o
                0x0800a854                HAL_TIM_OC_DelayElapsedCallback
 .text.HAL_TIM_IC_CaptureCallback
                0x0800a868       0x14 ./Drivers/STM32H7xx_HAL_Driver/Src/stm32h7xx_hal_tim.o
                0x0800a868                HAL_TIM_IC_CaptureCallback
 .text.HAL_TIM_PWM_PulseFinishedCallback
                0x0800a87c       0x14 ./Drivers/STM32H7xx_HAL_Driver/Src/stm32h7xx_hal_tim.o
                0x0800a87c                HAL_TIM_PWM_PulseFinishedCallback
 .text.HAL_TIM_TriggerCallback
                0x0800a890       0x14 ./Drivers/STM32H7xx_HAL_Driver/Src/stm32h7xx_hal_tim.o
                0x0800a890                HAL_TIM_TriggerCallback
 .text.TIM_Base_SetConfig
                0x0800a8a4      0x140 ./Drivers/STM32H7xx_HAL_Driver/Src/stm32h7xx_hal_tim.o
                0x0800a8a4                TIM_Base_SetConfig
 .text.TIM_OC1_SetConfig
                0x0800a9e4      0x120 ./Drivers/STM32H7xx_HAL_Driver/Src/stm32h7xx_hal_tim.o
 .text.TIM_OC2_SetConfig
                0x0800ab04      0x114 ./Drivers/STM32H7xx_HAL_Driver/Src/stm32h7xx_hal_tim.o
                0x0800ab04                TIM_OC2_SetConfig
 .text.TIM_OC3_SetConfig
                0x0800ac18      0x110 ./Drivers/STM32H7xx_HAL_Driver/Src/stm32h7xx_hal_tim.o
 .text.TIM_OC4_SetConfig
                0x0800ad28       0xd4 ./Drivers/STM32H7xx_HAL_Driver/Src/stm32h7xx_hal_tim.o
 .text.TIM_OC5_SetConfig
                0x0800adfc       0xc8 ./Drivers/STM32H7xx_HAL_Driver/Src/stm32h7xx_hal_tim.o
 .text.TIM_OC6_SetConfig
                0x0800aec4       0xcc ./Drivers/STM32H7xx_HAL_Driver/Src/stm32h7xx_hal_tim.o
 .text.TIM_TI1_ConfigInputStage
                0x0800af90       0x5e ./Drivers/STM32H7xx_HAL_Driver/Src/stm32h7xx_hal_tim.o
 .text.TIM_TI2_ConfigInputStage
                0x0800afee       0x60 ./Drivers/STM32H7xx_HAL_Driver/Src/stm32h7xx_hal_tim.o
 *fill*         0x0800b04e        0x2 
 .text.TIM_ITRx_SetConfig
                0x0800b050       0x3c ./Drivers/STM32H7xx_HAL_Driver/Src/stm32h7xx_hal_tim.o
 .text.TIM_ETR_SetConfig
                0x0800b08c       0x40 ./Drivers/STM32H7xx_HAL_Driver/Src/stm32h7xx_hal_tim.o
                0x0800b08c                TIM_ETR_SetConfig
 .text.TIM_CCxChannelCmd
                0x0800b0cc       0x4a ./Drivers/STM32H7xx_HAL_Driver/Src/stm32h7xx_hal_tim.o
                0x0800b0cc                TIM_CCxChannelCmd
 *fill*         0x0800b116        0x2 
 .text.HAL_TIMEx_MasterConfigSynchronization
                0x0800b118      0x11c ./Drivers/STM32H7xx_HAL_Driver/Src/stm32h7xx_hal_tim_ex.o
                0x0800b118                HAL_TIMEx_MasterConfigSynchronization
 .text.HAL_TIMEx_CommutCallback
                0x0800b234       0x14 ./Drivers/STM32H7xx_HAL_Driver/Src/stm32h7xx_hal_tim_ex.o
                0x0800b234                HAL_TIMEx_CommutCallback
 .text.HAL_TIMEx_BreakCallback
                0x0800b248       0x14 ./Drivers/STM32H7xx_HAL_Driver/Src/stm32h7xx_hal_tim_ex.o
                0x0800b248                HAL_TIMEx_BreakCallback
 .text.HAL_TIMEx_Break2Callback
                0x0800b25c       0x14 ./Drivers/STM32H7xx_HAL_Driver/Src/stm32h7xx_hal_tim_ex.o
                0x0800b25c                HAL_TIMEx_Break2Callback
 .text.HAL_UART_Init
                0x0800b270       0xa0 ./Drivers/STM32H7xx_HAL_Driver/Src/stm32h7xx_hal_uart.o
                0x0800b270                HAL_UART_Init
 .text.HAL_UART_Transmit_DMA
                0x0800b310      0x100 ./Drivers/STM32H7xx_HAL_Driver/Src/stm32h7xx_hal_uart.o
                0x0800b310                HAL_UART_Transmit_DMA
 .text.HAL_UART_Receive_DMA
                0x0800b410       0x98 ./Drivers/STM32H7xx_HAL_Driver/Src/stm32h7xx_hal_uart.o
                0x0800b410                HAL_UART_Receive_DMA
 .text.HAL_UART_IRQHandler
                0x0800b4a8      0x7ac ./Drivers/STM32H7xx_HAL_Driver/Src/stm32h7xx_hal_uart.o
                0x0800b4a8                HAL_UART_IRQHandler
 .text.HAL_UART_TxCpltCallback
                0x0800bc54       0x14 ./Drivers/STM32H7xx_HAL_Driver/Src/stm32h7xx_hal_uart.o
                0x0800bc54                HAL_UART_TxCpltCallback
 .text.HAL_UART_TxHalfCpltCallback
                0x0800bc68       0x14 ./Drivers/STM32H7xx_HAL_Driver/Src/stm32h7xx_hal_uart.o
                0x0800bc68                HAL_UART_TxHalfCpltCallback
 .text.HAL_UART_RxHalfCpltCallback
                0x0800bc7c       0x14 ./Drivers/STM32H7xx_HAL_Driver/Src/stm32h7xx_hal_uart.o
                0x0800bc7c                HAL_UART_RxHalfCpltCallback
 .text.HAL_UART_ErrorCallback
                0x0800bc90       0x14 ./Drivers/STM32H7xx_HAL_Driver/Src/stm32h7xx_hal_uart.o
                0x0800bc90                HAL_UART_ErrorCallback
 .text.HAL_UARTEx_RxEventCallback
                0x0800bca4       0x18 ./Drivers/STM32H7xx_HAL_Driver/Src/stm32h7xx_hal_uart.o
                0x0800bca4                HAL_UARTEx_RxEventCallback
 .text.UART_SetConfig
                0x0800bcbc      0xad0 ./Drivers/STM32H7xx_HAL_Driver/Src/stm32h7xx_hal_uart.o
                0x0800bcbc                UART_SetConfig
 .text.UART_AdvFeatureConfig
                0x0800c78c      0x144 ./Drivers/STM32H7xx_HAL_Driver/Src/stm32h7xx_hal_uart.o
                0x0800c78c                UART_AdvFeatureConfig
 .text.UART_CheckIdleState
                0x0800c8d0      0x154 ./Drivers/STM32H7xx_HAL_Driver/Src/stm32h7xx_hal_uart.o
                0x0800c8d0                UART_CheckIdleState
 .text.UART_WaitOnFlagUntilTimeout
                0x0800ca24       0xda ./Drivers/STM32H7xx_HAL_Driver/Src/stm32h7xx_hal_uart.o
                0x0800ca24                UART_WaitOnFlagUntilTimeout
 *fill*         0x0800cafe        0x2 
 .text.UART_Start_Receive_DMA
                0x0800cb00      0x14c ./Drivers/STM32H7xx_HAL_Driver/Src/stm32h7xx_hal_uart.o
                0x0800cb00                UART_Start_Receive_DMA
 .text.UART_EndTxTransfer
                0x0800cc4c       0x82 ./Drivers/STM32H7xx_HAL_Driver/Src/stm32h7xx_hal_uart.o
 *fill*         0x0800ccce        0x2 
 .text.UART_EndRxTransfer
                0x0800ccd0       0xcc ./Drivers/STM32H7xx_HAL_Driver/Src/stm32h7xx_hal_uart.o
 .text.UART_DMATransmitCplt
                0x0800cd9c       0x96 ./Drivers/STM32H7xx_HAL_Driver/Src/stm32h7xx_hal_uart.o
 .text.UART_DMATxHalfCplt
                0x0800ce32       0x1c ./Drivers/STM32H7xx_HAL_Driver/Src/stm32h7xx_hal_uart.o
 .text.UART_DMAReceiveCplt
                0x0800ce4e      0x128 ./Drivers/STM32H7xx_HAL_Driver/Src/stm32h7xx_hal_uart.o
 .text.UART_DMARxHalfCplt
                0x0800cf76       0x3e ./Drivers/STM32H7xx_HAL_Driver/Src/stm32h7xx_hal_uart.o
 .text.UART_DMAError
                0x0800cfb4       0x80 ./Drivers/STM32H7xx_HAL_Driver/Src/stm32h7xx_hal_uart.o
 .text.UART_DMAAbortOnError
                0x0800d034       0x24 ./Drivers/STM32H7xx_HAL_Driver/Src/stm32h7xx_hal_uart.o
 .text.UART_EndTransmit_IT
                0x0800d058       0x56 ./Drivers/STM32H7xx_HAL_Driver/Src/stm32h7xx_hal_uart.o
 .text.HAL_UARTEx_WakeupCallback
                0x0800d0ae       0x14 ./Drivers/STM32H7xx_HAL_Driver/Src/stm32h7xx_hal_uart_ex.o
                0x0800d0ae                HAL_UARTEx_WakeupCallback
 .text.HAL_UARTEx_RxFifoFullCallback
                0x0800d0c2       0x14 ./Drivers/STM32H7xx_HAL_Driver/Src/stm32h7xx_hal_uart_ex.o
                0x0800d0c2                HAL_UARTEx_RxFifoFullCallback
 .text.HAL_UARTEx_TxFifoEmptyCallback
                0x0800d0d6       0x14 ./Drivers/STM32H7xx_HAL_Driver/Src/stm32h7xx_hal_uart_ex.o
                0x0800d0d6                HAL_UARTEx_TxFifoEmptyCallback
 .text.HAL_UARTEx_DisableFifoMode
                0x0800d0ea       0x72 ./Drivers/STM32H7xx_HAL_Driver/Src/stm32h7xx_hal_uart_ex.o
                0x0800d0ea                HAL_UARTEx_DisableFifoMode
 .text.HAL_UARTEx_SetTxFifoThreshold
                0x0800d15c       0x7c ./Drivers/STM32H7xx_HAL_Driver/Src/stm32h7xx_hal_uart_ex.o
                0x0800d15c                HAL_UARTEx_SetTxFifoThreshold
 .text.HAL_UARTEx_SetRxFifoThreshold
                0x0800d1d8       0x7c ./Drivers/STM32H7xx_HAL_Driver/Src/stm32h7xx_hal_uart_ex.o
                0x0800d1d8                HAL_UARTEx_SetRxFifoThreshold
 .text.UARTEx_SetNbDataToProcess
                0x0800d254       0x9c ./Drivers/STM32H7xx_HAL_Driver/Src/stm32h7xx_hal_uart_ex.o
 .text.SPIF_Delay
                0x0800d2f0       0x16 ./Middlewares/Third_Party/NimaLTD_Driver/SPIF/spif.o
                0x0800d2f0                SPIF_Delay
 .text.SPIF_Lock
                0x0800d306       0x26 ./Middlewares/Third_Party/NimaLTD_Driver/SPIF/spif.o
                0x0800d306                SPIF_Lock
 .text.SPIF_UnLock
                0x0800d32c       0x1a ./Middlewares/Third_Party/NimaLTD_Driver/SPIF/spif.o
                0x0800d32c                SPIF_UnLock
 .text.SPIF_CsPin
                0x0800d346       0x3a ./Middlewares/Third_Party/NimaLTD_Driver/SPIF/spif.o
                0x0800d346                SPIF_CsPin
 .text.SPIF_TransmitReceive
                0x0800d380       0x6e ./Middlewares/Third_Party/NimaLTD_Driver/SPIF/spif.o
                0x0800d380                SPIF_TransmitReceive
 .text.SPIF_Transmit
                0x0800d3ee       0x6e ./Middlewares/Third_Party/NimaLTD_Driver/SPIF/spif.o
                0x0800d3ee                SPIF_Transmit
 .text.SPIF_WriteEnable
                0x0800d45c       0x48 ./Middlewares/Third_Party/NimaLTD_Driver/SPIF/spif.o
                0x0800d45c                SPIF_WriteEnable
 .text.SPIF_WriteDisable
                0x0800d4a4       0x48 ./Middlewares/Third_Party/NimaLTD_Driver/SPIF/spif.o
                0x0800d4a4                SPIF_WriteDisable
 .text.SPIF_ReadReg1
                0x0800d4ec       0x4a ./Middlewares/Third_Party/NimaLTD_Driver/SPIF/spif.o
                0x0800d4ec                SPIF_ReadReg1
 .text.SPIF_WaitForWriting
                0x0800d536       0x4c ./Middlewares/Third_Party/NimaLTD_Driver/SPIF/spif.o
                0x0800d536                SPIF_WaitForWriting
 *fill*         0x0800d582        0x2 
 .text.SPIF_FindChip
                0x0800d584      0x330 ./Middlewares/Third_Party/NimaLTD_Driver/SPIF/spif.o
                0x0800d584                SPIF_FindChip
 .text.SPIF_WriteFn
                0x0800d8b4      0x150 ./Middlewares/Third_Party/NimaLTD_Driver/SPIF/spif.o
                0x0800d8b4                SPIF_WriteFn
 .text.SPIF_Init
                0x0800da04       0x98 ./Middlewares/Third_Party/NimaLTD_Driver/SPIF/spif.o
                0x0800da04                SPIF_Init
 .text.SPIF_EraseSector
                0x0800da9c      0x106 ./Middlewares/Third_Party/NimaLTD_Driver/SPIF/spif.o
                0x0800da9c                SPIF_EraseSector
 .text.SPIF_WriteAddress
                0x0800dba2       0xae ./Middlewares/Third_Party/NimaLTD_Driver/SPIF/spif.o
                0x0800dba2                SPIF_WriteAddress
 .text.memset   0x0800dc50       0x10 C:/ST/STM32CubeIDE_1.17.0/STM32CubeIDE/plugins/com.st.stm32cube.ide.mcu.externaltools.gnu-tools-for-stm32.12.3.rel1.win32_1.1.0.202410251130/tools/bin/../lib/gcc/arm-none-eabi/12.3.1/../../../../arm-none-eabi/lib/thumb/v7e-m+dp/hard\libc_nano.a(libc_a-memset.o)
                0x0800dc50                memset
 .text.__errno  0x0800dc60        0xc C:/ST/STM32CubeIDE_1.17.0/STM32CubeIDE/plugins/com.st.stm32cube.ide.mcu.externaltools.gnu-tools-for-stm32.12.3.rel1.win32_1.1.0.202410251130/tools/bin/../lib/gcc/arm-none-eabi/12.3.1/../../../../arm-none-eabi/lib/thumb/v7e-m+dp/hard\libc_nano.a(libc_a-errno.o)
                0x0800dc60                __errno
 .text.__libc_init_array
                0x0800dc6c       0x48 C:/ST/STM32CubeIDE_1.17.0/STM32CubeIDE/plugins/com.st.stm32cube.ide.mcu.externaltools.gnu-tools-for-stm32.12.3.rel1.win32_1.1.0.202410251130/tools/bin/../lib/gcc/arm-none-eabi/12.3.1/../../../../arm-none-eabi/lib/thumb/v7e-m+dp/hard\libc_nano.a(libc_a-init.o)
                0x0800dc6c                __libc_init_array
 .text.acosf    0x0800dcb4       0x58 C:/ST/STM32CubeIDE_1.17.0/STM32CubeIDE/plugins/com.st.stm32cube.ide.mcu.externaltools.gnu-tools-for-stm32.12.3.rel1.win32_1.1.0.202410251130/tools/bin/../lib/gcc/arm-none-eabi/12.3.1/../../../../arm-none-eabi/lib/thumb/v7e-m+dp/hard\libm.a(libm_a-wf_acos.o)
                0x0800dcb4                acosf
 .text.atan2f   0x0800dd0c        0x4 C:/ST/STM32CubeIDE_1.17.0/STM32CubeIDE/plugins/com.st.stm32cube.ide.mcu.externaltools.gnu-tools-for-stm32.12.3.rel1.win32_1.1.0.202410251130/tools/bin/../lib/gcc/arm-none-eabi/12.3.1/../../../../arm-none-eabi/lib/thumb/v7e-m+dp/hard\libm.a(libm_a-wf_atan2.o)
                0x0800dd0c                atan2f
 .text.sqrtf    0x0800dd10       0x3c C:/ST/STM32CubeIDE_1.17.0/STM32CubeIDE/plugins/com.st.stm32cube.ide.mcu.externaltools.gnu-tools-for-stm32.12.3.rel1.win32_1.1.0.202410251130/tools/bin/../lib/gcc/arm-none-eabi/12.3.1/../../../../arm-none-eabi/lib/thumb/v7e-m+dp/hard\libm.a(libm_a-wf_sqrt.o)
                0x0800dd10                sqrtf
 .text.fabsf    0x0800dd4c        0xe C:/ST/STM32CubeIDE_1.17.0/STM32CubeIDE/plugins/com.st.stm32cube.ide.mcu.externaltools.gnu-tools-for-stm32.12.3.rel1.win32_1.1.0.202410251130/tools/bin/../lib/gcc/arm-none-eabi/12.3.1/../../../../arm-none-eabi/lib/thumb/v7e-m+dp/hard\libm.a(libm_a-sf_fabs.o)
                0x0800dd4c                fabsf
 *fill*         0x0800dd5a        0x2 
 .text.nanf     0x0800dd5c        0xc C:/ST/STM32CubeIDE_1.17.0/STM32CubeIDE/plugins/com.st.stm32cube.ide.mcu.externaltools.gnu-tools-for-stm32.12.3.rel1.win32_1.1.0.202410251130/tools/bin/../lib/gcc/arm-none-eabi/12.3.1/../../../../arm-none-eabi/lib/thumb/v7e-m+dp/hard\libm.a(libm_a-sf_nan.o)
                0x0800dd5c                nanf
 .text.sinf_poly
                0x0800dd68       0x54 C:/ST/STM32CubeIDE_1.17.0/STM32CubeIDE/plugins/com.st.stm32cube.ide.mcu.externaltools.gnu-tools-for-stm32.12.3.rel1.win32_1.1.0.202410251130/tools/bin/../lib/gcc/arm-none-eabi/12.3.1/../../../../arm-none-eabi/lib/thumb/v7e-m+dp/hard\libm.a(libm_a-sinf.o)
 *fill*         0x0800ddbc        0x4 
 .text.sinf     0x0800ddc0      0x130 C:/ST/STM32CubeIDE_1.17.0/STM32CubeIDE/plugins/com.st.stm32cube.ide.mcu.externaltools.gnu-tools-for-stm32.12.3.rel1.win32_1.1.0.202410251130/tools/bin/../lib/gcc/arm-none-eabi/12.3.1/../../../../arm-none-eabi/lib/thumb/v7e-m+dp/hard\libm.a(libm_a-sinf.o)
                0x0800ddc0                sinf
 .text.sinf_poly
                0x0800def0       0x54 C:/ST/STM32CubeIDE_1.17.0/STM32CubeIDE/plugins/com.st.stm32cube.ide.mcu.externaltools.gnu-tools-for-stm32.12.3.rel1.win32_1.1.0.202410251130/tools/bin/../lib/gcc/arm-none-eabi/12.3.1/../../../../arm-none-eabi/lib/thumb/v7e-m+dp/hard\libm.a(libm_a-cosf.o)
 *fill*         0x0800df44        0x4 
 .text.cosf     0x0800df48      0x140 C:/ST/STM32CubeIDE_1.17.0/STM32CubeIDE/plugins/com.st.stm32cube.ide.mcu.externaltools.gnu-tools-for-stm32.12.3.rel1.win32_1.1.0.202410251130/tools/bin/../lib/gcc/arm-none-eabi/12.3.1/../../../../arm-none-eabi/lib/thumb/v7e-m+dp/hard\libm.a(libm_a-cosf.o)
                0x0800df48                cosf
 .text.with_errnof
                0x0800e088       0x1c C:/ST/STM32CubeIDE_1.17.0/STM32CubeIDE/plugins/com.st.stm32cube.ide.mcu.externaltools.gnu-tools-for-stm32.12.3.rel1.win32_1.1.0.202410251130/tools/bin/../lib/gcc/arm-none-eabi/12.3.1/../../../../arm-none-eabi/lib/thumb/v7e-m+dp/hard\libm.a(libm_a-math_errf.o)
 .text.__math_invalidf
                0x0800e0a4       0x1e C:/ST/STM32CubeIDE_1.17.0/STM32CubeIDE/plugins/com.st.stm32cube.ide.mcu.externaltools.gnu-tools-for-stm32.12.3.rel1.win32_1.1.0.202410251130/tools/bin/../lib/gcc/arm-none-eabi/12.3.1/../../../../arm-none-eabi/lib/thumb/v7e-m+dp/hard\libm.a(libm_a-math_errf.o)
                0x0800e0a4                __math_invalidf
 .text.__ieee754_sqrtf
                0x0800e0c2        0x6 C:/ST/STM32CubeIDE_1.17.0/STM32CubeIDE/plugins/com.st.stm32cube.ide.mcu.externaltools.gnu-tools-for-stm32.12.3.rel1.win32_1.1.0.202410251130/tools/bin/../lib/gcc/arm-none-eabi/12.3.1/../../../../arm-none-eabi/lib/thumb/v7e-m+dp/hard\libm.a(libm_a-ef_sqrt.o)
                0x0800e0c2                __ieee754_sqrtf
 .text.roundf   0x0800e0c8       0x48 C:/ST/STM32CubeIDE_1.17.0/STM32CubeIDE/plugins/com.st.stm32cube.ide.mcu.externaltools.gnu-tools-for-stm32.12.3.rel1.win32_1.1.0.202410251130/tools/bin/../lib/gcc/arm-none-eabi/12.3.1/../../../../arm-none-eabi/lib/thumb/v7e-m+dp/hard\libm.a(libm_a-sf_round.o)
                0x0800e0c8                roundf
 .text.__ieee754_acosf
                0x0800e110      0x1f0 C:/ST/STM32CubeIDE_1.17.0/STM32CubeIDE/plugins/com.st.stm32cube.ide.mcu.externaltools.gnu-tools-for-stm32.12.3.rel1.win32_1.1.0.202410251130/tools/bin/../lib/gcc/arm-none-eabi/12.3.1/../../../../arm-none-eabi/lib/thumb/v7e-m+dp/hard\libm.a(libm_a-ef_acos.o)
                0x0800e110                __ieee754_acosf
 .text.__ieee754_atan2f
                0x0800e300      0x13c C:/ST/STM32CubeIDE_1.17.0/STM32CubeIDE/plugins/com.st.stm32cube.ide.mcu.externaltools.gnu-tools-for-stm32.12.3.rel1.win32_1.1.0.202410251130/tools/bin/../lib/gcc/arm-none-eabi/12.3.1/../../../../arm-none-eabi/lib/thumb/v7e-m+dp/hard\libm.a(libm_a-ef_atan2.o)
                0x0800e300                __ieee754_atan2f
 .text.atanf    0x0800e43c      0x1a8 C:/ST/STM32CubeIDE_1.17.0/STM32CubeIDE/plugins/com.st.stm32cube.ide.mcu.externaltools.gnu-tools-for-stm32.12.3.rel1.win32_1.1.0.202410251130/tools/bin/../lib/gcc/arm-none-eabi/12.3.1/../../../../arm-none-eabi/lib/thumb/v7e-m+dp/hard\libm.a(libm_a-sf_atan.o)
                0x0800e43c                atanf
 *(.glue_7)
 .glue_7        0x0800e5e4        0x0 linker stubs
 *(.glue_7t)
 .glue_7t       0x0800e5e4        0x0 linker stubs
 *(.eh_frame)
 .eh_frame      0x0800e5e4        0x0 C:/ST/STM32CubeIDE_1.17.0/STM32CubeIDE/plugins/com.st.stm32cube.ide.mcu.externaltools.gnu-tools-for-stm32.12.3.rel1.win32_1.1.0.202410251130/tools/bin/../lib/gcc/arm-none-eabi/12.3.1/thumb/v7e-m+dp/hard/crtbegin.o
 *(.init)
 .init          0x0800e5e4        0x4 C:/ST/STM32CubeIDE_1.17.0/STM32CubeIDE/plugins/com.st.stm32cube.ide.mcu.externaltools.gnu-tools-for-stm32.12.3.rel1.win32_1.1.0.202410251130/tools/bin/../lib/gcc/arm-none-eabi/12.3.1/thumb/v7e-m+dp/hard/crti.o
                0x0800e5e4                _init
 .init          0x0800e5e8        0x8 C:/ST/STM32CubeIDE_1.17.0/STM32CubeIDE/plugins/com.st.stm32cube.ide.mcu.externaltools.gnu-tools-for-stm32.12.3.rel1.win32_1.1.0.202410251130/tools/bin/../lib/gcc/arm-none-eabi/12.3.1/thumb/v7e-m+dp/hard/crtn.o
 *(.fini)
 .fini          0x0800e5f0        0x4 C:/ST/STM32CubeIDE_1.17.0/STM32CubeIDE/plugins/com.st.stm32cube.ide.mcu.externaltools.gnu-tools-for-stm32.12.3.rel1.win32_1.1.0.202410251130/tools/bin/../lib/gcc/arm-none-eabi/12.3.1/thumb/v7e-m+dp/hard/crti.o
                0x0800e5f0                _fini
 .fini          0x0800e5f4        0x8 C:/ST/STM32CubeIDE_1.17.0/STM32CubeIDE/plugins/com.st.stm32cube.ide.mcu.externaltools.gnu-tools-for-stm32.12.3.rel1.win32_1.1.0.202410251130/tools/bin/../lib/gcc/arm-none-eabi/12.3.1/thumb/v7e-m+dp/hard/crtn.o
                0x0800e5fc                        . = ALIGN (0x4)
                0x0800e5fc                        _etext = .

.vfp11_veneer   0x0800e5fc        0x0
 .vfp11_veneer  0x0800e5fc        0x0 linker stubs

.v4_bx          0x0800e5fc        0x0
 .v4_bx         0x0800e5fc        0x0 linker stubs

.iplt           0x0800e5fc        0x0
 .iplt          0x0800e5fc        0x0 C:/ST/STM32CubeIDE_1.17.0/STM32CubeIDE/plugins/com.st.stm32cube.ide.mcu.externaltools.gnu-tools-for-stm32.12.3.rel1.win32_1.1.0.202410251130/tools/bin/../lib/gcc/arm-none-eabi/12.3.1/thumb/v7e-m+dp/hard/crtbegin.o

.rodata         0x0800e600      0x1c0
                0x0800e600                        . = ALIGN (0x4)
 *(.rodata)
 *(.rodata*)
 .rodata.D1CorePrescTable
                0x0800e600       0x10 ./Core/Src/system_stm32h7xx.o
                0x0800e600                D1CorePrescTable
 .rodata.flagBitshiftOffset.0
                0x0800e610        0x8 ./Drivers/STM32H7xx_HAL_Driver/Src/stm32h7xx_hal_dma.o
 .rodata.UARTPrescTable
                0x0800e618       0x18 ./Drivers/STM32H7xx_HAL_Driver/Src/stm32h7xx_hal_uart.o
                0x0800e618                UARTPrescTable
 .rodata.numerator.1
                0x0800e630        0x8 ./Drivers/STM32H7xx_HAL_Driver/Src/stm32h7xx_hal_uart_ex.o
 .rodata.denominator.0
                0x0800e638        0x8 ./Drivers/STM32H7xx_HAL_Driver/Src/stm32h7xx_hal_uart_ex.o
 .rodata.acosf.str1.1
                0x0800e640        0x1 C:/ST/STM32CubeIDE_1.17.0/STM32CubeIDE/plugins/com.st.stm32cube.ide.mcu.externaltools.gnu-tools-for-stm32.12.3.rel1.win32_1.1.0.202410251130/tools/bin/../lib/gcc/arm-none-eabi/12.3.1/../../../../arm-none-eabi/lib/thumb/v7e-m+dp/hard\libm.a(libm_a-wf_acos.o)
 *fill*         0x0800e641        0x3 
 .rodata.__inv_pio4
                0x0800e644       0x60 C:/ST/STM32CubeIDE_1.17.0/STM32CubeIDE/plugins/com.st.stm32cube.ide.mcu.externaltools.gnu-tools-for-stm32.12.3.rel1.win32_1.1.0.202410251130/tools/bin/../lib/gcc/arm-none-eabi/12.3.1/../../../../arm-none-eabi/lib/thumb/v7e-m+dp/hard\libm.a(libm_a-sincosf_data.o)
                0x0800e644                __inv_pio4
 *fill*         0x0800e6a4        0x4 
 .rodata.__sincosf_table
                0x0800e6a8       0xe0 C:/ST/STM32CubeIDE_1.17.0/STM32CubeIDE/plugins/com.st.stm32cube.ide.mcu.externaltools.gnu-tools-for-stm32.12.3.rel1.win32_1.1.0.202410251130/tools/bin/../lib/gcc/arm-none-eabi/12.3.1/../../../../arm-none-eabi/lib/thumb/v7e-m+dp/hard\libm.a(libm_a-sincosf_data.o)
                0x0800e6a8                __sincosf_table
 .rodata.CSWTCH.9
                0x0800e788        0xc C:/ST/STM32CubeIDE_1.17.0/STM32CubeIDE/plugins/com.st.stm32cube.ide.mcu.externaltools.gnu-tools-for-stm32.12.3.rel1.win32_1.1.0.202410251130/tools/bin/../lib/gcc/arm-none-eabi/12.3.1/../../../../arm-none-eabi/lib/thumb/v7e-m+dp/hard\libm.a(libm_a-ef_atan2.o)
 .rodata.CSWTCH.8
                0x0800e794        0xc C:/ST/STM32CubeIDE_1.17.0/STM32CubeIDE/plugins/com.st.stm32cube.ide.mcu.externaltools.gnu-tools-for-stm32.12.3.rel1.win32_1.1.0.202410251130/tools/bin/../lib/gcc/arm-none-eabi/12.3.1/../../../../arm-none-eabi/lib/thumb/v7e-m+dp/hard\libm.a(libm_a-ef_atan2.o)
 .rodata.atanlo
                0x0800e7a0       0x10 C:/ST/STM32CubeIDE_1.17.0/STM32CubeIDE/plugins/com.st.stm32cube.ide.mcu.externaltools.gnu-tools-for-stm32.12.3.rel1.win32_1.1.0.202410251130/tools/bin/../lib/gcc/arm-none-eabi/12.3.1/../../../../arm-none-eabi/lib/thumb/v7e-m+dp/hard\libm.a(libm_a-sf_atan.o)
 .rodata.atanhi
                0x0800e7b0       0x10 C:/ST/STM32CubeIDE_1.17.0/STM32CubeIDE/plugins/com.st.stm32cube.ide.mcu.externaltools.gnu-tools-for-stm32.12.3.rel1.win32_1.1.0.202410251130/tools/bin/../lib/gcc/arm-none-eabi/12.3.1/../../../../arm-none-eabi/lib/thumb/v7e-m+dp/hard\libm.a(libm_a-sf_atan.o)
                0x0800e7c0                        . = ALIGN (0x4)

.ARM.extab
 *(.ARM.extab* .gnu.linkonce.armextab.*)

.ARM            0x0800e7c0        0x8
                0x0800e7c0                        __exidx_start = .
 *(.ARM.exidx*)
 .ARM.exidx     0x0800e7c0        0x8 C:/ST/STM32CubeIDE_1.17.0/STM32CubeIDE/plugins/com.st.stm32cube.ide.mcu.externaltools.gnu-tools-for-stm32.12.3.rel1.win32_1.1.0.202410251130/tools/bin/../lib/gcc/arm-none-eabi/12.3.1/thumb/v7e-m+dp/hard\libgcc.a(_udivmoddi4.o)
                0x0800e7c8                        __exidx_end = .

.preinit_array  0x0800e7c8        0x0
                0x0800e7c8                        PROVIDE (__preinit_array_start = .)
 *(.preinit_array*)
                0x0800e7c8                        PROVIDE (__preinit_array_end = .)

.init_array     0x0800e7c8        0x4
                0x0800e7c8                        PROVIDE (__init_array_start = .)
 *(SORT_BY_NAME(.init_array.*))
 *(.init_array*)
 .init_array    0x0800e7c8        0x4 C:/ST/STM32CubeIDE_1.17.0/STM32CubeIDE/plugins/com.st.stm32cube.ide.mcu.externaltools.gnu-tools-for-stm32.12.3.rel1.win32_1.1.0.202410251130/tools/bin/../lib/gcc/arm-none-eabi/12.3.1/thumb/v7e-m+dp/hard/crtbegin.o
                0x0800e7cc                        PROVIDE (__init_array_end = .)

.fini_array     0x0800e7cc        0x4
                [!provide]                        PROVIDE (__fini_array_start = .)
 *(SORT_BY_NAME(.fini_array.*))
 *(.fini_array*)
 .fini_array    0x0800e7cc        0x4 C:/ST/STM32CubeIDE_1.17.0/STM32CubeIDE/plugins/com.st.stm32cube.ide.mcu.externaltools.gnu-tools-for-stm32.12.3.rel1.win32_1.1.0.202410251130/tools/bin/../lib/gcc/arm-none-eabi/12.3.1/thumb/v7e-m+dp/hard/crtbegin.o
                [!provide]                        PROVIDE (__fini_array_end = .)
                0x0800e7d0                        _sidata = LOADADDR (.data)

.rel.dyn        0x0800e7d0        0x0
 .rel.iplt      0x0800e7d0        0x0 C:/ST/STM32CubeIDE_1.17.0/STM32CubeIDE/plugins/com.st.stm32cube.ide.mcu.externaltools.gnu-tools-for-stm32.12.3.rel1.win32_1.1.0.202410251130/tools/bin/../lib/gcc/arm-none-eabi/12.3.1/thumb/v7e-m+dp/hard/crtbegin.o

.data           0x24000000       0x60 load address 0x0800e7d0
                0x24000000                        . = ALIGN (0x4)
                0x24000000                        _sdata = .
 *(.data)
 *(.data*)
 .data.SystemCoreClock
                0x24000000        0x4 ./Core/Src/system_stm32h7xx.o
                0x24000000                SystemCoreClock
 .data.SystemD2Clock
                0x24000004        0x4 ./Core/Src/system_stm32h7xx.o
                0x24000004                SystemD2Clock
 .data.uwTickPrio
                0x24000008        0x4 ./Drivers/STM32H7xx_HAL_Driver/Src/stm32h7xx_hal.o
                0x24000008                uwTickPrio
 .data.uwTickFreq
                0x2400000c        0x1 ./Drivers/STM32H7xx_HAL_Driver/Src/stm32h7xx_hal.o
                0x2400000c                uwTickFreq
 *fill*         0x2400000d        0x3 
 .data._impure_ptr
                0x24000010        0x4 C:/ST/STM32CubeIDE_1.17.0/STM32CubeIDE/plugins/com.st.stm32cube.ide.mcu.externaltools.gnu-tools-for-stm32.12.3.rel1.win32_1.1.0.202410251130/tools/bin/../lib/gcc/arm-none-eabi/12.3.1/../../../../arm-none-eabi/lib/thumb/v7e-m+dp/hard\libc_nano.a(libc_a-impure.o)
                0x24000010                _impure_ptr
 .data._impure_data
                0x24000014       0x4c C:/ST/STM32CubeIDE_1.17.0/STM32CubeIDE/plugins/com.st.stm32cube.ide.mcu.externaltools.gnu-tools-for-stm32.12.3.rel1.win32_1.1.0.202410251130/tools/bin/../lib/gcc/arm-none-eabi/12.3.1/../../../../arm-none-eabi/lib/thumb/v7e-m+dp/hard\libc_nano.a(libc_a-impure.o)
                0x24000014                _impure_data
 *(.RamFunc)
 *(.RamFunc*)
                0x24000060                        . = ALIGN (0x4)
                0x24000060                        _edata = .

.igot.plt       0x24000060        0x0 load address 0x0800e830
 .igot.plt      0x24000060        0x0 C:/ST/STM32CubeIDE_1.17.0/STM32CubeIDE/plugins/com.st.stm32cube.ide.mcu.externaltools.gnu-tools-for-stm32.12.3.rel1.win32_1.1.0.202410251130/tools/bin/../lib/gcc/arm-none-eabi/12.3.1/thumb/v7e-m+dp/hard/crtbegin.o
                0x24000060                        . = ALIGN (0x4)

.bss            0x24000060      0xc74 load address 0x0800e830
                0x24000060                        _sbss = .
                0x24000060                        __bss_start__ = _sbss
 *(.bss)
 .bss           0x24000060       0x1c C:/ST/STM32CubeIDE_1.17.0/STM32CubeIDE/plugins/com.st.stm32cube.ide.mcu.externaltools.gnu-tools-for-stm32.12.3.rel1.win32_1.1.0.202410251130/tools/bin/../lib/gcc/arm-none-eabi/12.3.1/thumb/v7e-m+dp/hard/crtbegin.o
 *(.bss*)
 .bss.hspi1     0x2400007c       0x88 ./Core/Src/main.o
                0x2400007c                hspi1
 .bss.hdma_spi1_rx
                0x24000104       0x78 ./Core/Src/main.o
                0x24000104                hdma_spi1_rx
 .bss.hdma_spi1_tx
                0x2400017c       0x78 ./Core/Src/main.o
                0x2400017c                hdma_spi1_tx
 .bss.htim2     0x240001f4       0x4c ./Core/Src/main.o
                0x240001f4                htim2
 .bss.htim3     0x24000240       0x4c ./Core/Src/main.o
                0x24000240                htim3
 .bss.htim17    0x2400028c       0x4c ./Core/Src/main.o
                0x2400028c                htim17
 .bss.huart1    0x240002d8       0x94 ./Core/Src/main.o
                0x240002d8                huart1
 .bss.huart3    0x2400036c       0x94 ./Core/Src/main.o
                0x2400036c                huart3
 .bss.huart6    0x24000400       0x94 ./Core/Src/main.o
                0x24000400                huart6
 .bss.hdma_usart1_rx
                0x24000494       0x78 ./Core/Src/main.o
                0x24000494                hdma_usart1_rx
 .bss.hdma_usart1_tx
                0x2400050c       0x78 ./Core/Src/main.o
                0x2400050c                hdma_usart1_tx
 .bss.hdma_usart3_rx
                0x24000584       0x78 ./Core/Src/main.o
                0x24000584                hdma_usart3_rx
 .bss.hdma_usart3_tx
                0x240005fc       0x78 ./Core/Src/main.o
                0x240005fc                hdma_usart3_tx
 .bss.hdma_usart6_rx
                0x24000674       0x78 ./Core/Src/main.o
                0x24000674                hdma_usart6_rx
 .bss.hdma_usart6_tx
                0x240006ec       0x78 ./Core/Src/main.o
                0x240006ec                hdma_usart6_tx
 .bss.hdma_memtomem_bdma_channel0
                0x24000764       0x78 ./Core/Src/main.o
                0x24000764                hdma_memtomem_bdma_channel0
 .bss.RobotArm  0x240007dc      0x308 ./Core/Src/main.o
                0x240007dc                RobotArm
 .bss.HasObject
                0x24000ae4        0x1 ./Core/Src/main.o
                0x24000ae4                HasObject
 *fill*         0x24000ae5        0x3 
 .bss.Rx1_Buffer
                0x24000ae8        0xe ./Core/Src/main.o
                0x24000ae8                Rx1_Buffer
 *fill*         0x24000af6        0x2 
 .bss.Tx1_Buffer
                0x24000af8        0xe ./Core/Src/main.o
                0x24000af8                Tx1_Buffer
 *fill*         0x24000b06        0x2 
 .bss.Rx3_Buffer
                0x24000b08        0xe ./Core/Src/main.o
                0x24000b08                Rx3_Buffer
 *fill*         0x24000b16        0x2 
 .bss.Tx3_Buffer
                0x24000b18        0xe ./Core/Src/main.o
                0x24000b18                Tx3_Buffer
 *fill*         0x24000b26        0x2 
 .bss.Rx6_Buffer
                0x24000b28       0x1e ./Core/Src/main.o
                0x24000b28                Rx6_Buffer
 *fill*         0x24000b46        0x2 
 .bss.Tx6_Buffer
                0x24000b48       0x1e ./Core/Src/main.o
                0x24000b48                Tx6_Buffer
 *fill*         0x24000b66        0x2 
 .bss.spif      0x24000b68       0x20 ./Core/Src/main.o
                0x24000b68                spif
 .bss.cmd       0x24000b88        0x1 ./Core/Src/main.o
                0x24000b88                cmd
 *fill*         0x24000b89        0x3 
 .bss.ESP32_IP  0x24000b8c        0x4 ./Core/Src/main.o
                0x24000b8c                ESP32_IP
 .bss.numPosSaved
                0x24000b90        0x2 ./Core/Src/main.o
                0x24000b90                numPosSaved
 .bss.ObjectCount
                0x24000b92        0x2 ./Core/Src/main.o
                0x24000b92                ObjectCount
 .bss.Tx1_Flag  0x24000b94        0x1 ./Core/Src/main.o
                0x24000b94                Tx1_Flag
 .bss.Tx3_Flag  0x24000b95        0x1 ./Core/Src/main.o
                0x24000b95                Tx3_Flag
 .bss.Tx6_Flag  0x24000b96        0x1 ./Core/Src/main.o
                0x24000b96                Tx6_Flag
 *fill*         0x24000b97        0x1 
 .bss.uwTick    0x24000b98        0x4 ./Drivers/STM32H7xx_HAL_Driver/Src/stm32h7xx_hal.o
                0x24000b98                uwTick
 .bss.__sf      0x24000b9c      0x138 C:/ST/STM32CubeIDE_1.17.0/STM32CubeIDE/plugins/com.st.stm32cube.ide.mcu.externaltools.gnu-tools-for-stm32.12.3.rel1.win32_1.1.0.202410251130/tools/bin/../lib/gcc/arm-none-eabi/12.3.1/../../../../arm-none-eabi/lib/thumb/v7e-m+dp/hard\libc_nano.a(libc_a-findfp.o)
                0x24000b9c                __sf
 *(COMMON)
                0x24000cd4                        . = ALIGN (0x4)
                0x24000cd4                        _ebss = .
                0x24000cd4                        __bss_end__ = _ebss

._user_heap_stack
                0x24000cd4      0x604 load address 0x0800e830
                0x24000cd8                        . = ALIGN (0x8)
 *fill*         0x24000cd4        0x4 
                [!provide]                        PROVIDE (end = .)
                0x24000cd8                        PROVIDE (_end = .)
                0x24000ed8                        . = (. + _Min_Heap_Size)
 *fill*         0x24000cd8      0x200 
                0x240012d8                        . = (. + _Min_Stack_Size)
 *fill*         0x24000ed8      0x400 
                0x240012d8                        . = ALIGN (0x8)

/DISCARD/
 libc.a(*)
 libm.a(*)
 libgcc.a(*)

.ARM.attributes
                0x00000000       0x2e
 *(.ARM.attributes)
 .ARM.attributes
                0x00000000       0x20 C:/ST/STM32CubeIDE_1.17.0/STM32CubeIDE/plugins/com.st.stm32cube.ide.mcu.externaltools.gnu-tools-for-stm32.12.3.rel1.win32_1.1.0.202410251130/tools/bin/../lib/gcc/arm-none-eabi/12.3.1/thumb/v7e-m+dp/hard/crti.o
 .ARM.attributes
                0x00000020       0x32 C:/ST/STM32CubeIDE_1.17.0/STM32CubeIDE/plugins/com.st.stm32cube.ide.mcu.externaltools.gnu-tools-for-stm32.12.3.rel1.win32_1.1.0.202410251130/tools/bin/../lib/gcc/arm-none-eabi/12.3.1/thumb/v7e-m+dp/hard/crtbegin.o
 .ARM.attributes
                0x00000052       0x32 ./Core/Src/MyRobot.o
 .ARM.attributes
                0x00000084       0x32 ./Core/Src/main.o
 .ARM.attributes
                0x000000b6       0x32 ./Core/Src/stm32h7xx_hal_msp.o
 .ARM.attributes
                0x000000e8       0x32 ./Core/Src/stm32h7xx_it.o
 .ARM.attributes
                0x0000011a       0x32 ./Core/Src/system_stm32h7xx.o
 .ARM.attributes
                0x0000014c       0x21 ./Core/Startup/startup_stm32h743vitx.o
 .ARM.attributes
                0x0000016d       0x32 ./Drivers/STM32H7xx_HAL_Driver/Src/stm32h7xx_hal.o
 .ARM.attributes
                0x0000019f       0x32 ./Drivers/STM32H7xx_HAL_Driver/Src/stm32h7xx_hal_cortex.o
 .ARM.attributes
                0x000001d1       0x32 ./Drivers/STM32H7xx_HAL_Driver/Src/stm32h7xx_hal_dma.o
 .ARM.attributes
                0x00000203       0x32 ./Drivers/STM32H7xx_HAL_Driver/Src/stm32h7xx_hal_gpio.o
 .ARM.attributes
                0x00000235       0x32 ./Drivers/STM32H7xx_HAL_Driver/Src/stm32h7xx_hal_pwr_ex.o
 .ARM.attributes
                0x00000267       0x32 ./Drivers/STM32H7xx_HAL_Driver/Src/stm32h7xx_hal_rcc.o
 .ARM.attributes
                0x00000299       0x32 ./Drivers/STM32H7xx_HAL_Driver/Src/stm32h7xx_hal_rcc_ex.o
 .ARM.attributes
                0x000002cb       0x32 ./Drivers/STM32H7xx_HAL_Driver/Src/stm32h7xx_hal_spi.o
 .ARM.attributes
                0x000002fd       0x32 ./Drivers/STM32H7xx_HAL_Driver/Src/stm32h7xx_hal_tim.o
 .ARM.attributes
                0x0000032f       0x32 ./Drivers/STM32H7xx_HAL_Driver/Src/stm32h7xx_hal_tim_ex.o
 .ARM.attributes
                0x00000361       0x32 ./Drivers/STM32H7xx_HAL_Driver/Src/stm32h7xx_hal_uart.o
 .ARM.attributes
                0x00000393       0x32 ./Drivers/STM32H7xx_HAL_Driver/Src/stm32h7xx_hal_uart_ex.o
 .ARM.attributes
                0x000003c5       0x32 ./Middlewares/Third_Party/NimaLTD_Driver/SPIF/spif.o
 .ARM.attributes
                0x000003f7       0x32 C:/ST/STM32CubeIDE_1.17.0/STM32CubeIDE/plugins/com.st.stm32cube.ide.mcu.externaltools.gnu-tools-for-stm32.12.3.rel1.win32_1.1.0.202410251130/tools/bin/../lib/gcc/arm-none-eabi/12.3.1/../../../../arm-none-eabi/lib/thumb/v7e-m+dp/hard\libc_nano.a(libc_a-findfp.o)
 .ARM.attributes
                0x00000429       0x32 C:/ST/STM32CubeIDE_1.17.0/STM32CubeIDE/plugins/com.st.stm32cube.ide.mcu.externaltools.gnu-tools-for-stm32.12.3.rel1.win32_1.1.0.202410251130/tools/bin/../lib/gcc/arm-none-eabi/12.3.1/../../../../arm-none-eabi/lib/thumb/v7e-m+dp/hard\libc_nano.a(libc_a-memset.o)
 .ARM.attributes
                0x0000045b       0x32 C:/ST/STM32CubeIDE_1.17.0/STM32CubeIDE/plugins/com.st.stm32cube.ide.mcu.externaltools.gnu-tools-for-stm32.12.3.rel1.win32_1.1.0.202410251130/tools/bin/../lib/gcc/arm-none-eabi/12.3.1/../../../../arm-none-eabi/lib/thumb/v7e-m+dp/hard\libc_nano.a(libc_a-impure.o)
 .ARM.attributes
                0x0000048d       0x32 C:/ST/STM32CubeIDE_1.17.0/STM32CubeIDE/plugins/com.st.stm32cube.ide.mcu.externaltools.gnu-tools-for-stm32.12.3.rel1.win32_1.1.0.202410251130/tools/bin/../lib/gcc/arm-none-eabi/12.3.1/../../../../arm-none-eabi/lib/thumb/v7e-m+dp/hard\libc_nano.a(libc_a-errno.o)
 .ARM.attributes
                0x000004bf       0x32 C:/ST/STM32CubeIDE_1.17.0/STM32CubeIDE/plugins/com.st.stm32cube.ide.mcu.externaltools.gnu-tools-for-stm32.12.3.rel1.win32_1.1.0.202410251130/tools/bin/../lib/gcc/arm-none-eabi/12.3.1/../../../../arm-none-eabi/lib/thumb/v7e-m+dp/hard\libc_nano.a(libc_a-init.o)
 .ARM.attributes
                0x000004f1       0x32 C:/ST/STM32CubeIDE_1.17.0/STM32CubeIDE/plugins/com.st.stm32cube.ide.mcu.externaltools.gnu-tools-for-stm32.12.3.rel1.win32_1.1.0.202410251130/tools/bin/../lib/gcc/arm-none-eabi/12.3.1/../../../../arm-none-eabi/lib/thumb/v7e-m+dp/hard\libm.a(libm_a-wf_acos.o)
 .ARM.attributes
                0x00000523       0x32 C:/ST/STM32CubeIDE_1.17.0/STM32CubeIDE/plugins/com.st.stm32cube.ide.mcu.externaltools.gnu-tools-for-stm32.12.3.rel1.win32_1.1.0.202410251130/tools/bin/../lib/gcc/arm-none-eabi/12.3.1/../../../../arm-none-eabi/lib/thumb/v7e-m+dp/hard\libm.a(libm_a-wf_atan2.o)
 .ARM.attributes
                0x00000555       0x32 C:/ST/STM32CubeIDE_1.17.0/STM32CubeIDE/plugins/com.st.stm32cube.ide.mcu.externaltools.gnu-tools-for-stm32.12.3.rel1.win32_1.1.0.202410251130/tools/bin/../lib/gcc/arm-none-eabi/12.3.1/../../../../arm-none-eabi/lib/thumb/v7e-m+dp/hard\libm.a(libm_a-wf_sqrt.o)
 .ARM.attributes
                0x00000587       0x32 C:/ST/STM32CubeIDE_1.17.0/STM32CubeIDE/plugins/com.st.stm32cube.ide.mcu.externaltools.gnu-tools-for-stm32.12.3.rel1.win32_1.1.0.202410251130/tools/bin/../lib/gcc/arm-none-eabi/12.3.1/../../../../arm-none-eabi/lib/thumb/v7e-m+dp/hard\libm.a(libm_a-sf_fabs.o)
 .ARM.attributes
                0x000005b9       0x32 C:/ST/STM32CubeIDE_1.17.0/STM32CubeIDE/plugins/com.st.stm32cube.ide.mcu.externaltools.gnu-tools-for-stm32.12.3.rel1.win32_1.1.0.202410251130/tools/bin/../lib/gcc/arm-none-eabi/12.3.1/../../../../arm-none-eabi/lib/thumb/v7e-m+dp/hard\libm.a(libm_a-sf_nan.o)
 .ARM.attributes
                0x000005eb       0x32 C:/ST/STM32CubeIDE_1.17.0/STM32CubeIDE/plugins/com.st.stm32cube.ide.mcu.externaltools.gnu-tools-for-stm32.12.3.rel1.win32_1.1.0.202410251130/tools/bin/../lib/gcc/arm-none-eabi/12.3.1/../../../../arm-none-eabi/lib/thumb/v7e-m+dp/hard\libm.a(libm_a-sinf.o)
 .ARM.attributes
                0x0000061d       0x32 C:/ST/STM32CubeIDE_1.17.0/STM32CubeIDE/plugins/com.st.stm32cube.ide.mcu.externaltools.gnu-tools-for-stm32.12.3.rel1.win32_1.1.0.202410251130/tools/bin/../lib/gcc/arm-none-eabi/12.3.1/../../../../arm-none-eabi/lib/thumb/v7e-m+dp/hard\libm.a(libm_a-cosf.o)
 .ARM.attributes
                0x0000064f       0x32 C:/ST/STM32CubeIDE_1.17.0/STM32CubeIDE/plugins/com.st.stm32cube.ide.mcu.externaltools.gnu-tools-for-stm32.12.3.rel1.win32_1.1.0.202410251130/tools/bin/../lib/gcc/arm-none-eabi/12.3.1/../../../../arm-none-eabi/lib/thumb/v7e-m+dp/hard\libm.a(libm_a-sincosf_data.o)
 .ARM.attributes
                0x00000681       0x32 C:/ST/STM32CubeIDE_1.17.0/STM32CubeIDE/plugins/com.st.stm32cube.ide.mcu.externaltools.gnu-tools-for-stm32.12.3.rel1.win32_1.1.0.202410251130/tools/bin/../lib/gcc/arm-none-eabi/12.3.1/../../../../arm-none-eabi/lib/thumb/v7e-m+dp/hard\libm.a(libm_a-math_errf.o)
 .ARM.attributes
                0x000006b3       0x32 C:/ST/STM32CubeIDE_1.17.0/STM32CubeIDE/plugins/com.st.stm32cube.ide.mcu.externaltools.gnu-tools-for-stm32.12.3.rel1.win32_1.1.0.202410251130/tools/bin/../lib/gcc/arm-none-eabi/12.3.1/../../../../arm-none-eabi/lib/thumb/v7e-m+dp/hard\libm.a(libm_a-ef_sqrt.o)
 .ARM.attributes
                0x000006e5       0x32 C:/ST/STM32CubeIDE_1.17.0/STM32CubeIDE/plugins/com.st.stm32cube.ide.mcu.externaltools.gnu-tools-for-stm32.12.3.rel1.win32_1.1.0.202410251130/tools/bin/../lib/gcc/arm-none-eabi/12.3.1/../../../../arm-none-eabi/lib/thumb/v7e-m+dp/hard\libm.a(libm_a-sf_round.o)
 .ARM.attributes
                0x00000717       0x32 C:/ST/STM32CubeIDE_1.17.0/STM32CubeIDE/plugins/com.st.stm32cube.ide.mcu.externaltools.gnu-tools-for-stm32.12.3.rel1.win32_1.1.0.202410251130/tools/bin/../lib/gcc/arm-none-eabi/12.3.1/../../../../arm-none-eabi/lib/thumb/v7e-m+dp/hard\libm.a(libm_a-ef_acos.o)
 .ARM.attributes
                0x00000749       0x32 C:/ST/STM32CubeIDE_1.17.0/STM32CubeIDE/plugins/com.st.stm32cube.ide.mcu.externaltools.gnu-tools-for-stm32.12.3.rel1.win32_1.1.0.202410251130/tools/bin/../lib/gcc/arm-none-eabi/12.3.1/../../../../arm-none-eabi/lib/thumb/v7e-m+dp/hard\libm.a(libm_a-ef_atan2.o)
 .ARM.attributes
                0x0000077b       0x32 C:/ST/STM32CubeIDE_1.17.0/STM32CubeIDE/plugins/com.st.stm32cube.ide.mcu.externaltools.gnu-tools-for-stm32.12.3.rel1.win32_1.1.0.202410251130/tools/bin/../lib/gcc/arm-none-eabi/12.3.1/../../../../arm-none-eabi/lib/thumb/v7e-m+dp/hard\libm.a(libm_a-sf_atan.o)
 .ARM.attributes
                0x000007ad       0x20 C:/ST/STM32CubeIDE_1.17.0/STM32CubeIDE/plugins/com.st.stm32cube.ide.mcu.externaltools.gnu-tools-for-stm32.12.3.rel1.win32_1.1.0.202410251130/tools/bin/../lib/gcc/arm-none-eabi/12.3.1/thumb/v7e-m+dp/hard\libgcc.a(_arm_addsubdf3.o)
 .ARM.attributes
                0x000007cd       0x20 C:/ST/STM32CubeIDE_1.17.0/STM32CubeIDE/plugins/com.st.stm32cube.ide.mcu.externaltools.gnu-tools-for-stm32.12.3.rel1.win32_1.1.0.202410251130/tools/bin/../lib/gcc/arm-none-eabi/12.3.1/thumb/v7e-m+dp/hard\libgcc.a(_aeabi_uldivmod.o)
 .ARM.attributes
                0x000007ed       0x32 C:/ST/STM32CubeIDE_1.17.0/STM32CubeIDE/plugins/com.st.stm32cube.ide.mcu.externaltools.gnu-tools-for-stm32.12.3.rel1.win32_1.1.0.202410251130/tools/bin/../lib/gcc/arm-none-eabi/12.3.1/thumb/v7e-m+dp/hard\libgcc.a(_udivmoddi4.o)
 .ARM.attributes
                0x0000081f       0x20 C:/ST/STM32CubeIDE_1.17.0/STM32CubeIDE/plugins/com.st.stm32cube.ide.mcu.externaltools.gnu-tools-for-stm32.12.3.rel1.win32_1.1.0.202410251130/tools/bin/../lib/gcc/arm-none-eabi/12.3.1/thumb/v7e-m+dp/hard\libgcc.a(_dvmd_tls.o)
 .ARM.attributes
                0x0000083f       0x20 C:/ST/STM32CubeIDE_1.17.0/STM32CubeIDE/plugins/com.st.stm32cube.ide.mcu.externaltools.gnu-tools-for-stm32.12.3.rel1.win32_1.1.0.202410251130/tools/bin/../lib/gcc/arm-none-eabi/12.3.1/thumb/v7e-m+dp/hard/crtn.o
OUTPUT(RobotArmCenter.elf elf32-littlearm)
LOAD linker stubs
LOAD C:/ST/STM32CubeIDE_1.17.0/STM32CubeIDE/plugins/com.st.stm32cube.ide.mcu.externaltools.gnu-tools-for-stm32.12.3.rel1.win32_1.1.0.202410251130/tools/bin/../lib/gcc/arm-none-eabi/12.3.1/../../../../arm-none-eabi/lib/thumb/v7e-m+dp/hard\libc.a
LOAD C:/ST/STM32CubeIDE_1.17.0/STM32CubeIDE/plugins/com.st.stm32cube.ide.mcu.externaltools.gnu-tools-for-stm32.12.3.rel1.win32_1.1.0.202410251130/tools/bin/../lib/gcc/arm-none-eabi/12.3.1/../../../../arm-none-eabi/lib/thumb/v7e-m+dp/hard\libm.a
LOAD C:/ST/STM32CubeIDE_1.17.0/STM32CubeIDE/plugins/com.st.stm32cube.ide.mcu.externaltools.gnu-tools-for-stm32.12.3.rel1.win32_1.1.0.202410251130/tools/bin/../lib/gcc/arm-none-eabi/12.3.1/thumb/v7e-m+dp/hard\libgcc.a

.debug_info     0x00000000    0x1ad9b
 .debug_info    0x00000000      0x6c0 ./Core/Src/MyRobot.o
 .debug_info    0x000006c0     0x2f9a ./Core/Src/main.o
 .debug_info    0x0000365a     0x1e5b ./Core/Src/stm32h7xx_hal_msp.o
 .debug_info    0x000054b5     0x10df ./Core/Src/stm32h7xx_it.o
 .debug_info    0x00006594      0xdb2 ./Core/Src/system_stm32h7xx.o
 .debug_info    0x00007346       0x30 ./Core/Startup/startup_stm32h743vitx.o
 .debug_info    0x00007376     0x153b ./Drivers/STM32H7xx_HAL_Driver/Src/stm32h7xx_hal.o
 .debug_info    0x000088b1     0x10b1 ./Drivers/STM32H7xx_HAL_Driver/Src/stm32h7xx_hal_cortex.o
 .debug_info    0x00009962      0xc31 ./Drivers/STM32H7xx_HAL_Driver/Src/stm32h7xx_hal_dma.o
 .debug_info    0x0000a593      0xc5a ./Drivers/STM32H7xx_HAL_Driver/Src/stm32h7xx_hal_gpio.o
 .debug_info    0x0000b1ed     0x1012 ./Drivers/STM32H7xx_HAL_Driver/Src/stm32h7xx_hal_pwr_ex.o
 .debug_info    0x0000c1ff      0xe6a ./Drivers/STM32H7xx_HAL_Driver/Src/stm32h7xx_hal_rcc.o
 .debug_info    0x0000d069     0x1225 ./Drivers/STM32H7xx_HAL_Driver/Src/stm32h7xx_hal_rcc_ex.o
 .debug_info    0x0000e28e     0x144a ./Drivers/STM32H7xx_HAL_Driver/Src/stm32h7xx_hal_spi.o
 .debug_info    0x0000f6d8     0x2bae ./Drivers/STM32H7xx_HAL_Driver/Src/stm32h7xx_hal_tim.o
 .debug_info    0x00012286     0x17eb ./Drivers/STM32H7xx_HAL_Driver/Src/stm32h7xx_hal_tim_ex.o
 .debug_info    0x00013a71     0x4b1d ./Drivers/STM32H7xx_HAL_Driver/Src/stm32h7xx_hal_uart.o
 .debug_info    0x0001858e      0xfbf ./Drivers/STM32H7xx_HAL_Driver/Src/stm32h7xx_hal_uart_ex.o
 .debug_info    0x0001954d     0x184e ./Middlewares/Third_Party/NimaLTD_Driver/SPIF/spif.o

.debug_abbrev   0x00000000     0x2d0e
 .debug_abbrev  0x00000000      0x145 ./Core/Src/MyRobot.o
 .debug_abbrev  0x00000145      0x3b4 ./Core/Src/main.o
 .debug_abbrev  0x000004f9      0x27a ./Core/Src/stm32h7xx_hal_msp.o
 .debug_abbrev  0x00000773      0x1c5 ./Core/Src/stm32h7xx_it.o
 .debug_abbrev  0x00000938      0x165 ./Core/Src/system_stm32h7xx.o
 .debug_abbrev  0x00000a9d       0x24 ./Core/Startup/startup_stm32h743vitx.o
 .debug_abbrev  0x00000ac1      0x295 ./Drivers/STM32H7xx_HAL_Driver/Src/stm32h7xx_hal.o
 .debug_abbrev  0x00000d56      0x339 ./Drivers/STM32H7xx_HAL_Driver/Src/stm32h7xx_hal_cortex.o
 .debug_abbrev  0x0000108f      0x248 ./Drivers/STM32H7xx_HAL_Driver/Src/stm32h7xx_hal_dma.o
 .debug_abbrev  0x000012d7      0x205 ./Drivers/STM32H7xx_HAL_Driver/Src/stm32h7xx_hal_gpio.o
 .debug_abbrev  0x000014dc      0x2a7 ./Drivers/STM32H7xx_HAL_Driver/Src/stm32h7xx_hal_pwr_ex.o
 .debug_abbrev  0x00001783      0x2c8 ./Drivers/STM32H7xx_HAL_Driver/Src/stm32h7xx_hal_rcc.o
 .debug_abbrev  0x00001a4b      0x269 ./Drivers/STM32H7xx_HAL_Driver/Src/stm32h7xx_hal_rcc_ex.o
 .debug_abbrev  0x00001cb4      0x2b1 ./Drivers/STM32H7xx_HAL_Driver/Src/stm32h7xx_hal_spi.o
 .debug_abbrev  0x00001f65      0x276 ./Drivers/STM32H7xx_HAL_Driver/Src/stm32h7xx_hal_tim.o
 .debug_abbrev  0x000021db      0x281 ./Drivers/STM32H7xx_HAL_Driver/Src/stm32h7xx_hal_tim_ex.o
 .debug_abbrev  0x0000245c      0x33d ./Drivers/STM32H7xx_HAL_Driver/Src/stm32h7xx_hal_uart.o
 .debug_abbrev  0x00002799      0x2d2 ./Drivers/STM32H7xx_HAL_Driver/Src/stm32h7xx_hal_uart_ex.o
 .debug_abbrev  0x00002a6b      0x2a3 ./Middlewares/Third_Party/NimaLTD_Driver/SPIF/spif.o

.debug_aranges  0x00000000     0x1460
 .debug_aranges
                0x00000000       0x70 ./Core/Src/MyRobot.o
 .debug_aranges
                0x00000070       0xd8 ./Core/Src/main.o
 .debug_aranges
                0x00000148       0x58 ./Core/Src/stm32h7xx_hal_msp.o
 .debug_aranges
                0x000001a0       0xc0 ./Core/Src/stm32h7xx_it.o
 .debug_aranges
                0x00000260       0x30 ./Core/Src/system_stm32h7xx.o
 .debug_aranges
                0x00000290       0x28 ./Core/Startup/startup_stm32h743vitx.o
 .debug_aranges
                0x000002b8      0x198 ./Drivers/STM32H7xx_HAL_Driver/Src/stm32h7xx_hal.o
 .debug_aranges
                0x00000450      0x130 ./Drivers/STM32H7xx_HAL_Driver/Src/stm32h7xx_hal_cortex.o
 .debug_aranges
                0x00000580       0xa0 ./Drivers/STM32H7xx_HAL_Driver/Src/stm32h7xx_hal_dma.o
 .debug_aranges
                0x00000620       0x58 ./Drivers/STM32H7xx_HAL_Driver/Src/stm32h7xx_hal_gpio.o
 .debug_aranges
                0x00000678      0x158 ./Drivers/STM32H7xx_HAL_Driver/Src/stm32h7xx_hal_pwr_ex.o
 .debug_aranges
                0x000007d0       0x88 ./Drivers/STM32H7xx_HAL_Driver/Src/stm32h7xx_hal_rcc.o
 .debug_aranges
                0x00000858       0xf8 ./Drivers/STM32H7xx_HAL_Driver/Src/stm32h7xx_hal_rcc_ex.o
 .debug_aranges
                0x00000950      0x1a8 ./Drivers/STM32H7xx_HAL_Driver/Src/stm32h7xx_hal_spi.o
 .debug_aranges
                0x00000af8      0x3e0 ./Drivers/STM32H7xx_HAL_Driver/Src/stm32h7xx_hal_tim.o
 .debug_aranges
                0x00000ed8      0x188 ./Drivers/STM32H7xx_HAL_Driver/Src/stm32h7xx_hal_tim_ex.o
 .debug_aranges
                0x00001060      0x248 ./Drivers/STM32H7xx_HAL_Driver/Src/stm32h7xx_hal_uart.o
 .debug_aranges
                0x000012a8       0xa8 ./Drivers/STM32H7xx_HAL_Driver/Src/stm32h7xx_hal_uart_ex.o
 .debug_aranges
                0x00001350      0x110 ./Middlewares/Third_Party/NimaLTD_Driver/SPIF/spif.o

.debug_rnglists
                0x00000000     0x100e
 .debug_rnglists
                0x00000000       0x56 ./Core/Src/MyRobot.o
 .debug_rnglists
                0x00000056       0xb9 ./Core/Src/main.o
 .debug_rnglists
                0x0000010f       0x41 ./Core/Src/stm32h7xx_hal_msp.o
 .debug_rnglists
                0x00000150       0x8b ./Core/Src/stm32h7xx_it.o
 .debug_rnglists
                0x000001db       0x21 ./Core/Src/system_stm32h7xx.o
 .debug_rnglists
                0x000001fc       0x19 ./Core/Startup/startup_stm32h743vitx.o
 .debug_rnglists
                0x00000215      0x131 ./Drivers/STM32H7xx_HAL_Driver/Src/stm32h7xx_hal.o
 .debug_rnglists
                0x00000346       0xe0 ./Drivers/STM32H7xx_HAL_Driver/Src/stm32h7xx_hal_cortex.o
 .debug_rnglists
                0x00000426       0x82 ./Drivers/STM32H7xx_HAL_Driver/Src/stm32h7xx_hal_dma.o
 .debug_rnglists
                0x000004a8       0x3f ./Drivers/STM32H7xx_HAL_Driver/Src/stm32h7xx_hal_gpio.o
 .debug_rnglists
                0x000004e7      0x103 ./Drivers/STM32H7xx_HAL_Driver/Src/stm32h7xx_hal_pwr_ex.o
 .debug_rnglists
                0x000005ea       0x68 ./Drivers/STM32H7xx_HAL_Driver/Src/stm32h7xx_hal_rcc.o
 .debug_rnglists
                0x00000652       0xc0 ./Drivers/STM32H7xx_HAL_Driver/Src/stm32h7xx_hal_rcc_ex.o
 .debug_rnglists
                0x00000712      0x148 ./Drivers/STM32H7xx_HAL_Driver/Src/stm32h7xx_hal_spi.o
 .debug_rnglists
                0x0000085a      0x328 ./Drivers/STM32H7xx_HAL_Driver/Src/stm32h7xx_hal_tim.o
 .debug_rnglists
                0x00000b82      0x13f ./Drivers/STM32H7xx_HAL_Driver/Src/stm32h7xx_hal_tim_ex.o
 .debug_rnglists
                0x00000cc1      0x1fa ./Drivers/STM32H7xx_HAL_Driver/Src/stm32h7xx_hal_uart.o
 .debug_rnglists
                0x00000ebb       0x7f ./Drivers/STM32H7xx_HAL_Driver/Src/stm32h7xx_hal_uart_ex.o
 .debug_rnglists
                0x00000f3a       0xd4 ./Middlewares/Third_Party/NimaLTD_Driver/SPIF/spif.o

.debug_macro    0x00000000     0x393a
 .debug_macro   0x00000000      0x3bd ./Core/Src/MyRobot.o
 .debug_macro   0x000003bd      0x3cb ./Core/Src/main.o
 .debug_macro   0x00000788      0x3b9 ./Core/Src/stm32h7xx_hal_msp.o
 .debug_macro   0x00000b41      0x3c3 ./Core/Src/stm32h7xx_it.o
 .debug_macro   0x00000f04      0x2c1 ./Core/Src/system_stm32h7xx.o
 .debug_macro   0x000011c5      0x2eb ./Drivers/STM32H7xx_HAL_Driver/Src/stm32h7xx_hal.o
 .debug_macro   0x000014b0      0x2c1 ./Drivers/STM32H7xx_HAL_Driver/Src/stm32h7xx_hal_cortex.o
 .debug_macro   0x00001771      0x315 ./Drivers/STM32H7xx_HAL_Driver/Src/stm32h7xx_hal_dma.o
 .debug_macro   0x00001a86      0x2c8 ./Drivers/STM32H7xx_HAL_Driver/Src/stm32h7xx_hal_gpio.o
 .debug_macro   0x00001d4e      0x2fa ./Drivers/STM32H7xx_HAL_Driver/Src/stm32h7xx_hal_pwr_ex.o
 .debug_macro   0x00002048      0x2e5 ./Drivers/STM32H7xx_HAL_Driver/Src/stm32h7xx_hal_rcc.o
 .debug_macro   0x0000232d      0x2df ./Drivers/STM32H7xx_HAL_Driver/Src/stm32h7xx_hal_rcc_ex.o
 .debug_macro   0x0000260c      0x2c9 ./Drivers/STM32H7xx_HAL_Driver/Src/stm32h7xx_hal_spi.o
 .debug_macro   0x000028d5      0x2c2 ./Drivers/STM32H7xx_HAL_Driver/Src/stm32h7xx_hal_tim.o
 .debug_macro   0x00002b97      0x2c1 ./Drivers/STM32H7xx_HAL_Driver/Src/stm32h7xx_hal_tim_ex.o
 .debug_macro   0x00002e58      0x2ec ./Drivers/STM32H7xx_HAL_Driver/Src/stm32h7xx_hal_uart.o
 .debug_macro   0x00003144      0x2cd ./Drivers/STM32H7xx_HAL_Driver/Src/stm32h7xx_hal_uart_ex.o
 .debug_macro   0x00003411      0x519 ./Middlewares/Third_Party/NimaLTD_Driver/SPIF/spif.o
 .debug_macro   0x0000392a       0x10 ./Middlewares/Third_Party/NimaLTD_Driver/SPIF/spif.o

.debug_line     0x00000000    0x1c1ba
 .debug_line    0x00000000      0xf2e ./Core/Src/MyRobot.o
 .debug_line    0x00000f2e     0x1328 ./Core/Src/main.o
 .debug_line    0x00002256      0xd46 ./Core/Src/stm32h7xx_hal_msp.o
 .debug_line    0x00002f9c      0xc0a ./Core/Src/stm32h7xx_it.o
 .debug_line    0x00003ba6      0xafc ./Core/Src/system_stm32h7xx.o
 .debug_line    0x000046a2       0x7b ./Core/Startup/startup_stm32h743vitx.o
 .debug_line    0x0000471d      0xebc ./Drivers/STM32H7xx_HAL_Driver/Src/stm32h7xx_hal.o
 .debug_line    0x000055d9      0xeeb ./Drivers/STM32H7xx_HAL_Driver/Src/stm32h7xx_hal_cortex.o
 .debug_line    0x000064c4     0x281f ./Drivers/STM32H7xx_HAL_Driver/Src/stm32h7xx_hal_dma.o
 .debug_line    0x00008ce3      0xd94 ./Drivers/STM32H7xx_HAL_Driver/Src/stm32h7xx_hal_gpio.o
 .debug_line    0x00009a77      0xfdf ./Drivers/STM32H7xx_HAL_Driver/Src/stm32h7xx_hal_pwr_ex.o
 .debug_line    0x0000aa56     0x148c ./Drivers/STM32H7xx_HAL_Driver/Src/stm32h7xx_hal_rcc.o
 .debug_line    0x0000bee2     0x1e28 ./Drivers/STM32H7xx_HAL_Driver/Src/stm32h7xx_hal_rcc_ex.o
 .debug_line    0x0000dd0a     0x23ef ./Drivers/STM32H7xx_HAL_Driver/Src/stm32h7xx_hal_spi.o
 .debug_line    0x000100f9     0x404a ./Drivers/STM32H7xx_HAL_Driver/Src/stm32h7xx_hal_tim.o
 .debug_line    0x00014143     0x1e5c ./Drivers/STM32H7xx_HAL_Driver/Src/stm32h7xx_hal_tim_ex.o
 .debug_line    0x00015f9f     0x3f89 ./Drivers/STM32H7xx_HAL_Driver/Src/stm32h7xx_hal_uart.o
 .debug_line    0x00019f28      0xf5a ./Drivers/STM32H7xx_HAL_Driver/Src/stm32h7xx_hal_uart_ex.o
 .debug_line    0x0001ae82     0x1338 ./Middlewares/Third_Party/NimaLTD_Driver/SPIF/spif.o

.debug_str      0x00000000   0x168f8e
 .debug_str     0x00000000   0x161628 ./Core/Src/MyRobot.o
                             0x161ad6 (size before relaxing)
 .debug_str     0x00161628     0x244c ./Core/Src/main.o
                             0x164046 (size before relaxing)
 .debug_str     0x00163a74       0xf3 ./Core/Src/stm32h7xx_hal_msp.o
                             0x1633c6 (size before relaxing)
 .debug_str     0x00163b67      0x236 ./Core/Src/stm32h7xx_it.o
                             0x16264d (size before relaxing)
 .debug_str     0x00163d9d      0x351 ./Core/Src/system_stm32h7xx.o
                             0x161002 (size before relaxing)
 .debug_str     0x001640ee       0x44 ./Core/Startup/startup_stm32h743vitx.o
                                 0xa7 (size before relaxing)
 .debug_str     0x00164132      0x7ef ./Drivers/STM32H7xx_HAL_Driver/Src/stm32h7xx_hal.o
                             0x161ed9 (size before relaxing)
 .debug_str     0x00164921      0x2b9 ./Drivers/STM32H7xx_HAL_Driver/Src/stm32h7xx_hal_cortex.o
                             0x161914 (size before relaxing)