../Core/Src/main.c:114:6:HAL_TIM_PeriodElapsedCallback	32	static
../Core/Src/main.c:139:6:HAL_UART_RxCpltCallback	24	static
../Core/Src/main.c:212:6:HAL_GPIO_EXTI_Callback	24	static
../Core/Src/main.c:233:5:main	8	static
../Core/Src/main.c:323:6:SystemClock_Config	120	static
../Core/Src/main.c:381:6:PeriphCommonClock_Config	200	static
../Core/Src/main.c:410:13:MX_SPI1_Init	8	static
../Core/Src/main.c:458:13:MX_TIM2_Init	64	static
../Core/Src/main.c:521:13:MX_TIM3_Init	40	static
../Core/Src/main.c:566:13:MX_TIM17_Init	8	static
../Core/Src/main.c:598:13:MX_USART1_UART_Init	8	static
../Core/Src/main.c:646:13:MX_USART3_UART_Init	8	static
../Core/Src/main.c:694:13:MX_USART6_UART_Init	8	static
../Core/Src/main.c:742:13:MX_BDMA_Init	16	static
../Core/Src/main.c:768:13:MX_DMA_Init	16	static
../Core/Src/main.c:807:13:MX_GPIO_Init	48	static
../Core/Src/main.c:845:6:LoadAngle	1232	static
../Core/Src/main.c:855:6:SaveAngle	1224	static
../Core/Src/main.c:868:6:ClearAngle	1224	static
../Core/Src/main.c:881:6:ClearPath	16	static
../Core/Src/main.c:891:6:RunMotor	4	static
../Core/Src/main.c:897:6:StopMotor	4	static
../Core/Src/main.c:906:6:MPU_Config	24	static
../Core/Src/main.c:937:6:Error_Handler	4	static,ignoring_inline_asm
